8.35.201.43 - - [08/Apr/2014:08:02:38 -0400] "POST /share/shuffle HTTP/1.1" 499 0 "http://www.uniqueguoqi.com/share/list" "Mozilla/5.0 (X11; Linux x86_64) AppleWebKit/537.36 (KHTML, like Gecko) Chrome/33.0.1750.152 Safari/537.36 AppEngine-Google; (+http://code.google.com/appengine; appid: s~guoqigoagent)"
8.35.201.44 - - [08/Apr/2014:08:02:39 -0400] "GET / HTTP/1.1" 499 0 "-" "Mozilla/5.0 (X11; Linux x86_64) AppleWebKit/537.36 (KHTML, like Gecko) Chrome/33.0.1750.152 Safari/537.36 AppEngine-Google; (+http://code.google.com/appengine; appid: s~guoqigoagent)"
8.35.200.41 - - [08/Apr/2014:08:02:46 -0400] "GET / HTTP/1.1" 499 0 "-" "Mozilla/5.0 (X11; Linux x86_64) AppleWebKit/537.36 (KHTML, like Gecko) Chrome/33.0.1750.152 Safari/537.36 AppEngine-Google; (+http://code.google.com/appengine; appid: s~guoqigoagent)"
8.35.201.33 - - [08/Apr/2014:08:02:47 -0400] "GET / HTTP/1.1" 499 0 "-" "Mozilla/5.0 (X11; Linux x86_64) AppleWebKit/537.36 (KHTML, like Gecko) Chrome/33.0.1750.152 Safari/537.36 AppEngine-Google; (+http://code.google.com/appengine; appid: s~guoqigoagent)"
8.35.201.45 - - [08/Apr/2014:08:02:47 -0400] "POST /share/shuffle HTTP/1.1" 499 0 "http://www.uniqueguoqi.com/share/list" "Mozilla/5.0 (X11; Linux x86_64) AppleWebKit/537.36 (KHTML, like Gecko) Chrome/33.0.1750.152 Safari/537.36 AppEngine-Google; (+http://code.google.com/appengine; appid: s~guoqigoagent)"
8.35.201.32 - - [08/Apr/2014:08:02:50 -0400] "GET / HTTP/1.1" 499 0 "-" "Mozilla/5.0 (X11; Linux x86_64) AppleWebKit/537.36 (KHTML, like Gecko) Chrome/33.0.1750.152 Safari/537.36 AppEngine-Google; (+http://code.google.com/appengine; appid: s~guoqigoagent)"
8.35.200.44 - - [08/Apr/2014:08:02:54 -0400] "POST /share/shuffle HTTP/1.1" 499 0 "http://www.uniqueguoqi.com/share/list" "Mozilla/5.0 (X11; Linux x86_64) AppleWebKit/537.36 (KHTML, like Gecko) Chrome/33.0.1750.152 Safari/537.36 AppEngine-Google; (+http://code.google.com/appengine; appid: s~guoqigoagent)"
8.35.200.34 - - [08/Apr/2014:08:02:55 -0400] "GET / HTTP/1.1" 499 0 "-" "Mozilla/5.0 (X11; Linux x86_64) AppleWebKit/537.36 (KHTML, like Gecko) Chrome/33.0.1750.152 Safari/537.36 AppEngine-Google; (+http://code.google.com/appengine; appid: s~guoqigoagent)"
8.35.201.36 - - [08/Apr/2014:08:02:57 -0400] "GET / HTTP/1.1" 499 0 "-" "Mozilla/5.0 (X11; Linux x86_64) AppleWebKit/537.36 (KHTML, like Gecko) Chrome/33.0.1750.152 Safari/537.36 AppEngine-Google; (+http://code.google.com/appengine; appid: s~guoqigoagent)"
8.35.201.34 - - [08/Apr/2014:08:02:58 -0400] "POST /share/shuffle HTTP/1.1" 499 0 "http://www.uniqueguoqi.com/share/list" "Mozilla/5.0 (X11; Linux x86_64) AppleWebKit/537.36 (KHTML, like Gecko) Chrome/33.0.1750.152 Safari/537.36 AppEngine-Google; (+http://code.google.com/appengine; appid: s~guoqigoagent)"
115.156.219.162 - - [08/Apr/2014:08:02:58 -0400] "POST /share/list HTTP/1.1" 502 574 "http://www.uniqueguoqi.com/share/list" "Mozilla/5.0 (X11; Linux x86_64) AppleWebKit/537.36 (KHTML, like Gecko) Chrome/33.0.1750.152 Safari/537.36"
211.69.194.102 - - [08/Apr/2014:08:02:58 -0400] "GET / HTTP/1.1" 502 574 "-" "Mozilla/5.0 (X11; Linux x86_64) AppleWebKit/537.36 (KHTML, like Gecko) Chrome/33.0.1750.152 Safari/537.36"
115.156.219.162 - - [08/Apr/2014:08:02:58 -0400] "GET / HTTP/1.1" 502 574 "-" "Mozilla/5.0 (X11; Linux x86_64) AppleWebKit/537.36 (KHTML, like Gecko) Chrome/33.0.1750.152 Safari/537.36"
8.35.200.38 - - [08/Apr/2014:08:02:58 -0400] "GET / HTTP/1.1" 502 574 "-" "Mozilla/5.0 (X11; Linux x86_64) AppleWebKit/537.36 (KHTML, like Gecko) Chrome/33.0.1750.152 Safari/537.36 AppEngine-Google; (+http://code.google.com/appengine; appid: s~guoqigoagent)"
8.35.201.37 - - [08/Apr/2014:08:02:58 -0400] "GET / HTTP/1.1" 502 574 "-" "Mozilla/5.0 (X11; Linux x86_64) AppleWebKit/537.36 (KHTML, like Gecko) Chrome/33.0.1750.152 Safari/537.36 AppEngine-Google; (+http://code.google.com/appengine; appid: s~guoqigoagent)"
8.35.201.34 - - [08/Apr/2014:08:02:58 -0400] "GET / HTTP/1.1" 502 574 "-" "Mozilla/5.0 (X11; Linux x86_64) AppleWebKit/537.36 (KHTML, like Gecko) Chrome/33.0.1750.152 Safari/537.36 AppEngine-Google; (+http://code.google.com/appengine; appid: s~guoqigoagent)"
8.35.201.46 - - [08/Apr/2014:08:02:58 -0400] "GET / HTTP/1.1" 502 574 "-" "Mozilla/5.0 (X11; Linux x86_64) AppleWebKit/537.36 (KHTML, like Gecko) Chrome/33.0.1750.152 Safari/537.36 AppEngine-Google; (+http://code.google.com/appengine; appid: s~guoqigoagent)"
115.156.219.162 - - [08/Apr/2014:08:02:58 -0400] "GET /favicon.ico HTTP/1.1" 502 574 "-" "Mozilla/5.0 (Windows NT 6.2; WOW64) AppleWebKit/537.36 (KHTML, like Gecko) Chrome/33.0.1750.154 Safari/537.36"
211.69.194.102 - - [08/Apr/2014:08:02:58 -0400] "GET /favicon.ico HTTP/1.1" 502 574 "-" "Mozilla/5.0 (X11; Linux x86_64) AppleWebKit/537.36 (KHTML, like Gecko) Chrome/33.0.1750.152 Safari/537.36"
8.35.201.35 - - [08/Apr/2014:08:03:30 -0400] "GET / HTTP/1.1" 302 229 "-" "Mozilla/5.0 (X11; Linux x86_64) AppleWebKit/537.36 (KHTML, like Gecko) Chrome/33.0.1750.152 Safari/537.36 AppEngine-Google; (+http://code.google.com/appengine; appid: s~guoqigoagent)"
8.35.201.35 - - [08/Apr/2014:08:03:31 -0400] "GET /share/list HTTP/1.1" 200 1379 "-" "Mozilla/5.0 (X11; Linux x86_64) AppleWebKit/537.36 (KHTML, like Gecko) Chrome/33.0.1750.152 Safari/537.36 AppEngine-Google; (+http://code.google.com/appengine; appid: s~guoqigoagent)"
211.69.194.102 - - [08/Apr/2014:08:03:31 -0400] "GET / HTTP/1.1" 302 235 "-" "Mozilla/5.0 (X11; Linux x86_64) AppleWebKit/537.36 (KHTML, like Gecko) Chrome/33.0.1750.152 Safari/537.36"
211.69.194.102 - - [08/Apr/2014:08:03:32 -0400] "GET /account/login HTTP/1.1" 200 1060 "-" "Mozilla/5.0 (X11; Linux x86_64) AppleWebKit/537.36 (KHTML, like Gecko) Chrome/33.0.1750.152 Safari/537.36"
211.69.194.102 - - [08/Apr/2014:08:03:32 -0400] "GET /static/js/login.js HTTP/1.1" 200 4669 "http://www.uniqueguoqi.com/account/login" "Mozilla/5.0 (X11; Linux x86_64) AppleWebKit/537.36 (KHTML, like Gecko) Chrome/33.0.1750.152 Safari/537.36"
211.69.194.102 - - [08/Apr/2014:08:03:32 -0400] "GET /static/css/login.css HTTP/1.1" 200 3903 "http://www.uniqueguoqi.com/account/login" "Mozilla/5.0 (X11; Linux x86_64) AppleWebKit/537.36 (KHTML, like Gecko) Chrome/33.0.1750.152 Safari/537.36"
8.35.200.40 - - [08/Apr/2014:08:03:33 -0400] "POST /share/list HTTP/1.1" 200 1396 "http://www.uniqueguoqi.com/share/list" "Mozilla/5.0 (X11; Linux x86_64) AppleWebKit/537.36 (KHTML, like Gecko) Chrome/33.0.1750.152 Safari/537.36 AppEngine-Google; (+http://code.google.com/appengine; appid: s~guoqigoagent)"
8.35.200.37 - - [08/Apr/2014:08:03:34 -0400] "POST /collection/list HTTP/1.1" 200 70 "http://www.uniqueguoqi.com/share/list" "Mozilla/5.0 (X11; Linux x86_64) AppleWebKit/537.36 (KHTML, like Gecko) Chrome/33.0.1750.152 Safari/537.36 AppEngine-Google; (+http://code.google.com/appengine; appid: s~guoqigoagent)"
8.35.200.38 - - [08/Apr/2014:08:03:34 -0400] "POST /share/shuffle HTTP/1.1" 200 313 "http://www.uniqueguoqi.com/share/list" "Mozilla/5.0 (X11; Linux x86_64) AppleWebKit/537.36 (KHTML, like Gecko) Chrome/33.0.1750.152 Safari/537.36 AppEngine-Google; (+http://code.google.com/appengine; appid: s~guoqigoagent)"
115.156.219.162 - - [08/Apr/2014:08:03:35 -0400] "GET / HTTP/1.1" 302 229 "-" "Mozilla/5.0 (X11; Linux x86_64) AppleWebKit/537.36 (KHTML, like Gecko) Chrome/33.0.1750.152 Safari/537.36"
115.156.219.162 - - [08/Apr/2014:08:03:35 -0400] "GET /share/list HTTP/1.1" 200 1368 "-" "Mozilla/5.0 (X11; Linux x86_64) AppleWebKit/537.36 (KHTML, like Gecko) Chrome/33.0.1750.152 Safari/537.36"
211.69.194.102 - - [08/Apr/2014:08:03:36 -0400] "GET /static/img/bgImgWhite.jpg HTTP/1.1" 200 19398 "http://www.uniqueguoqi.com/account/login" "Mozilla/5.0 (X11; Linux x86_64) AppleWebKit/537.36 (KHTML, like Gecko) Chrome/33.0.1750.152 Safari/537.36"
115.156.219.162 - - [08/Apr/2014:08:03:36 -0400] "POST /share/list HTTP/1.1" 200 1396 "http://www.uniqueguoqi.com/share/list" "Mozilla/5.0 (X11; Linux x86_64) AppleWebKit/537.36 (KHTML, like Gecko) Chrome/33.0.1750.152 Safari/537.36"
115.156.219.162 - - [08/Apr/2014:08:03:36 -0400] "POST /collection/list HTTP/1.1" 200 70 "http://www.uniqueguoqi.com/share/list" "Mozilla/5.0 (X11; Linux x86_64) AppleWebKit/537.36 (KHTML, like Gecko) Chrome/33.0.1750.152 Safari/537.36"
115.156.219.162 - - [08/Apr/2014:08:03:36 -0400] "POST /share/shuffle HTTP/1.1" 200 353 "http://www.uniqueguoqi.com/share/list" "Mozilla/5.0 (X11; Linux x86_64) AppleWebKit/537.36 (KHTML, like Gecko) Chrome/33.0.1750.152 Safari/537.36"
211.69.194.102 - - [08/Apr/2014:08:03:37 -0400] "GET /favicon.ico HTTP/1.1" 404 209 "-" "Mozilla/5.0 (X11; Linux x86_64) AppleWebKit/537.36 (KHTML, like Gecko) Chrome/33.0.1750.152 Safari/537.36"
211.69.194.102 - - [08/Apr/2014:08:03:42 -0400] "GET /account/auth HTTP/1.1" 301 889 "http://www.uniqueguoqi.com/account/login" "Mozilla/5.0 (X11; Linux x86_64) AppleWebKit/537.36 (KHTML, like Gecko) Chrome/33.0.1750.152 Safari/537.36"
211.69.194.102 - - [08/Apr/2014:08:03:46 -0400] "GET /account/connect?state=d4c9d15c-5a8c-4475-87c6-8dc160cd61a4&code=4/4RC46222fR_QHz7diLFptwvsFA5G.ojgqxiJ7twcUXE-sT2ZLcbQXnnWCigI HTTP/1.1" 302 239 "http://www.uniqueguoqi.com/account/login" "Mozilla/5.0 (X11; Linux x86_64) AppleWebKit/537.36 (KHTML, like Gecko) Chrome/33.0.1750.152 Safari/537.36"
211.69.194.102 - - [08/Apr/2014:08:03:46 -0400] "GET /account/add_pwd HTTP/1.1" 200 345 "http://www.uniqueguoqi.com/account/login" "Mozilla/5.0 (X11; Linux x86_64) AppleWebKit/537.36 (KHTML, like Gecko) Chrome/33.0.1750.152 Safari/537.36"
211.69.194.102 - - [08/Apr/2014:08:04:27 -0400] "POST /account/add_pwd HTTP/1.1" 302 229 "http://www.uniqueguoqi.com/account/add_pwd" "Mozilla/5.0 (X11; Linux x86_64) AppleWebKit/537.36 (KHTML, like Gecko) Chrome/33.0.1750.152 Safari/537.36"
211.69.194.102 - - [08/Apr/2014:08:04:27 -0400] "GET /share/list HTTP/1.1" 200 1368 "http://www.uniqueguoqi.com/account/add_pwd" "Mozilla/5.0 (X11; Linux x86_64) AppleWebKit/537.36 (KHTML, like Gecko) Chrome/33.0.1750.152 Safari/537.36"
211.69.194.102 - - [08/Apr/2014:08:04:28 -0400] "GET /static/img/bubble.png HTTP/1.1" 200 15693 "http://www.uniqueguoqi.com/share/list" "Mozilla/5.0 (X11; Linux x86_64) AppleWebKit/537.36 (KHTML, like Gecko) Chrome/33.0.1750.152 Safari/537.36"
211.69.194.102 - - [08/Apr/2014:08:04:29 -0400] "GET /static/css/index.css HTTP/1.1" 200 23193 "http://www.uniqueguoqi.com/share/list" "Mozilla/5.0 (X11; Linux x86_64) AppleWebKit/537.36 (KHTML, like Gecko) Chrome/33.0.1750.152 Safari/537.36"
211.69.194.102 - - [08/Apr/2014:08:04:31 -0400] "GET /static/img/collect.png HTTP/1.1" 200 22089 "http://www.uniqueguoqi.com/share/list" "Mozilla/5.0 (X11; Linux x86_64) AppleWebKit/537.36 (KHTML, like Gecko) Chrome/33.0.1750.152 Safari/537.36"
211.69.194.102 - - [08/Apr/2014:08:04:31 -0400] "GET /static/img/home.png HTTP/1.1" 200 14926 "http://www.uniqueguoqi.com/share/list" "Mozilla/5.0 (X11; Linux x86_64) AppleWebKit/537.36 (KHTML, like Gecko) Chrome/33.0.1750.152 Safari/537.36"
211.69.194.102 - - [08/Apr/2014:08:04:32 -0400] "GET /static/img/comment.png HTTP/1.1" 200 15565 "http://www.uniqueguoqi.com/share/list" "Mozilla/5.0 (X11; Linux x86_64) AppleWebKit/537.36 (KHTML, like Gecko) Chrome/33.0.1750.152 Safari/537.36"
211.69.194.102 - - [08/Apr/2014:08:04:32 -0400] "GET /static/img/next.png HTTP/1.1" 200 14976 "http://www.uniqueguoqi.com/share/list" "Mozilla/5.0 (X11; Linux x86_64) AppleWebKit/537.36 (KHTML, like Gecko) Chrome/33.0.1750.152 Safari/537.36"
211.69.194.102 - - [08/Apr/2014:08:04:32 -0400] "GET /static/img/forward.png HTTP/1.1" 200 15907 "http://www.uniqueguoqi.com/share/list" "Mozilla/5.0 (X11; Linux x86_64) AppleWebKit/537.36 (KHTML, like Gecko) Chrome/33.0.1750.152 Safari/537.36"
211.69.194.102 - - [08/Apr/2014:08:04:33 -0400] "GET /static/img/communicate.png HTTP/1.1" 200 15171 "http://www.uniqueguoqi.com/share/list" "Mozilla/5.0 (X11; Linux x86_64) AppleWebKit/537.36 (KHTML, like Gecko) Chrome/33.0.1750.152 Safari/537.36"
211.69.194.102 - - [08/Apr/2014:08:04:33 -0400] "GET /static/js/index.js HTTP/1.1" 200 70686 "http://www.uniqueguoqi.com/share/list" "Mozilla/5.0 (X11; Linux x86_64) AppleWebKit/537.36 (KHTML, like Gecko) Chrome/33.0.1750.152 Safari/537.36"
211.69.194.102 - - [08/Apr/2014:08:04:33 -0400] "GET /static/img/newTarget.png HTTP/1.1" 200 15426 "http://www.uniqueguoqi.com/share/list" "Mozilla/5.0 (X11; Linux x86_64) AppleWebKit/537.36 (KHTML, like Gecko) Chrome/33.0.1750.152 Safari/537.36"
211.69.194.102 - - [08/Apr/2014:08:04:34 -0400] "GET /static/img/toLeft.png HTTP/1.1" 200 15443 "http://www.uniqueguoqi.com/share/list" "Mozilla/5.0 (X11; Linux x86_64) AppleWebKit/537.36 (KHTML, like Gecko) Chrome/33.0.1750.152 Safari/537.36"
211.69.194.102 - - [08/Apr/2014:08:04:34 -0400] "GET /static/img/random.png HTTP/1.1" 200 15332 "http://www.uniqueguoqi.com/share/list" "Mozilla/5.0 (X11; Linux x86_64) AppleWebKit/537.36 (KHTML, like Gecko) Chrome/33.0.1750.152 Safari/537.36"
211.69.194.102 - - [08/Apr/2014:08:04:34 -0400] "GET /static/img/toRight.png HTTP/1.1" 200 14723 "http://www.uniqueguoqi.com/share/list" "Mozilla/5.0 (X11; Linux x86_64) AppleWebKit/537.36 (KHTML, like Gecko) Chrome/33.0.1750.152 Safari/537.36"
211.69.194.102 - - [08/Apr/2014:08:04:34 -0400] "GET /static/img/bgImgBlue.png HTTP/1.1" 200 44393 "http://www.uniqueguoqi.com/share/list" "Mozilla/5.0 (X11; Linux x86_64) AppleWebKit/537.36 (KHTML, like Gecko) Chrome/33.0.1750.152 Safari/537.36"
211.69.194.102 - - [08/Apr/2014:08:04:39 -0400] "POST /share/list HTTP/1.1" 200 1396 "http://www.uniqueguoqi.com/share/list" "Mozilla/5.0 (X11; Linux x86_64) AppleWebKit/537.36 (KHTML, like Gecko) Chrome/33.0.1750.152 Safari/537.36"
211.69.194.102 - - [08/Apr/2014:08:04:39 -0400] "POST /collection/list HTTP/1.1" 200 70 "http://www.uniqueguoqi.com/share/list" "Mozilla/5.0 (X11; Linux x86_64) AppleWebKit/537.36 (KHTML, like Gecko) Chrome/33.0.1750.152 Safari/537.36"
211.69.194.102 - - [08/Apr/2014:08:04:39 -0400] "POST /share/shuffle HTTP/1.1" 200 353 "http://www.uniqueguoqi.com/share/list" "Mozilla/5.0 (X11; Linux x86_64) AppleWebKit/537.36 (KHTML, like Gecko) Chrome/33.0.1750.152 Safari/537.36"
211.69.194.102 - - [08/Apr/2014:08:04:55 -0400] "GET /extension/download_ext HTTP/1.1" 200 111705 "-" "Mozilla/5.0 (X11; Linux x86_64) AppleWebKit/537.36 (KHTML, like Gecko) Chrome/33.0.1750.152 Safari/537.36"
115.156.219.162 - - [08/Apr/2014:08:05:52 -0400] "GET / HTTP/1.1" 302 235 "-" "Mozilla/5.0 (Windows NT 6.2; WOW64) AppleWebKit/537.36 (KHTML, like Gecko) Chrome/33.0.1750.154 Safari/537.36"
115.156.219.162 - - [08/Apr/2014:08:05:55 -0400] "GET / HTTP/1.1" 302 235 "http://www.uniqueguoqi.com/" "Mozilla/5.0 (Windows NT 6.2; WOW64) AppleWebKit/537.36 (KHTML, like Gecko) Chrome/33.0.1750.154 Safari/537.36"
115.156.219.162 - - [08/Apr/2014:08:05:55 -0400] "GET /account/login HTTP/1.1" 200 1062 "http://www.uniqueguoqi.com/" "Mozilla/5.0 (Windows NT 6.2; WOW64) AppleWebKit/537.36 (KHTML, like Gecko) Chrome/33.0.1750.154 Safari/537.36"
115.156.219.162 - - [08/Apr/2014:08:05:56 -0400] "GET / HTTP/1.1" 302 235 "http://www.uniqueguoqi.com/" "Mozilla/5.0 (Windows NT 6.2; WOW64) AppleWebKit/537.36 (KHTML, like Gecko) Chrome/33.0.1750.154 Safari/537.36"
115.156.219.162 - - [08/Apr/2014:08:05:56 -0400] "GET / HTTP/1.1" 302 235 "http://www.uniqueguoqi.com/" "Mozilla/5.0 (Windows NT 6.2; WOW64) AppleWebKit/537.36 (KHTML, like Gecko) Chrome/33.0.1750.154 Safari/537.36"
115.156.219.162 - - [08/Apr/2014:08:05:56 -0400] "GET / HTTP/1.1" 302 235 "http://www.uniqueguoqi.com/" "Mozilla/5.0 (Windows NT 6.2; WOW64) AppleWebKit/537.36 (KHTML, like Gecko) Chrome/33.0.1750.154 Safari/537.36"
115.156.219.162 - - [08/Apr/2014:08:05:57 -0400] "GET / HTTP/1.1" 302 235 "http://www.uniqueguoqi.com/" "Mozilla/5.0 (Windows NT 6.2; WOW64) AppleWebKit/537.36 (KHTML, like Gecko) Chrome/33.0.1750.154 Safari/537.36"
115.156.219.162 - - [08/Apr/2014:08:05:57 -0400] "GET / HTTP/1.1" 302 235 "http://www.uniqueguoqi.com/" "Mozilla/5.0 (Windows NT 6.2; WOW64) AppleWebKit/537.36 (KHTML, like Gecko) Chrome/33.0.1750.154 Safari/537.36"
115.156.219.162 - - [08/Apr/2014:08:05:57 -0400] "GET /account/login HTTP/1.1" 200 1063 "http://www.uniqueguoqi.com/" "Mozilla/5.0 (Windows NT 6.2; WOW64) AppleWebKit/537.36 (KHTML, like Gecko) Chrome/33.0.1750.154 Safari/537.36"
115.156.219.162 - - [08/Apr/2014:08:05:57 -0400] "GET /static/css/login.css HTTP/1.1" 200 3903 "http://www.uniqueguoqi.com/account/login" "Mozilla/5.0 (Windows NT 6.2; WOW64) AppleWebKit/537.36 (KHTML, like Gecko) Chrome/33.0.1750.154 Safari/537.36"
115.156.219.162 - - [08/Apr/2014:08:05:57 -0400] "GET /static/js/login.js HTTP/1.1" 200 4669 "http://www.uniqueguoqi.com/account/login" "Mozilla/5.0 (Windows NT 6.2; WOW64) AppleWebKit/537.36 (KHTML, like Gecko) Chrome/33.0.1750.154 Safari/537.36"
211.69.194.102 - - [08/Apr/2014:08:05:58 -0400] "POST /extension/login HTTP/1.1" 200 63 "-" "Mozilla/5.0 (X11; Linux x86_64) AppleWebKit/537.36 (KHTML, like Gecko) Chrome/33.0.1750.152 Safari/537.36"
115.156.219.162 - - [08/Apr/2014:08:05:59 -0400] "GET /static/img/bgImgWhite.jpg HTTP/1.1" 200 19398 "http://www.uniqueguoqi.com/account/login" "Mozilla/5.0 (Windows NT 6.2; WOW64) AppleWebKit/537.36 (KHTML, like Gecko) Chrome/33.0.1750.154 Safari/537.36"
115.156.219.162 - - [08/Apr/2014:08:06:01 -0400] "GET /favicon.ico HTTP/1.1" 404 209 "-" "Mozilla/5.0 (Windows NT 6.2; WOW64) AppleWebKit/537.36 (KHTML, like Gecko) Chrome/33.0.1750.154 Safari/537.36"
115.156.219.162 - - [08/Apr/2014:08:06:45 -0400] "GET /extension/download_ext HTTP/1.1" 200 111705 "-" "Mozilla/5.0 (Windows NT 6.2; WOW64) AppleWebKit/537.36 (KHTML, like Gecko) Chrome/33.0.1750.154 Safari/537.36"
211.69.194.102 - - [08/Apr/2014:08:06:47 -0400] "POST /extension/login HTTP/1.1" 200 63 "-" "Mozilla/5.0 (X11; Linux x86_64) AppleWebKit/537.36 (KHTML, like Gecko) Chrome/33.0.1750.152 Safari/537.36"
211.69.194.102 - - [08/Apr/2014:08:06:52 -0400] "POST /extension/login HTTP/1.1" 200 63 "-" "Mozilla/5.0 (X11; Linux x86_64) AppleWebKit/537.36 (KHTML, like Gecko) Chrome/33.0.1750.152 Safari/537.36"
211.69.194.102 - - [08/Apr/2014:08:06:54 -0400] "POST /extension/login HTTP/1.1" 200 63 "-" "Mozilla/5.0 (X11; Linux x86_64) AppleWebKit/537.36 (KHTML, like Gecko) Chrome/33.0.1750.152 Safari/537.36"
211.69.194.102 - - [08/Apr/2014:08:06:55 -0400] "POST /extension/login HTTP/1.1" 200 63 "-" "Mozilla/5.0 (X11; Linux x86_64) AppleWebKit/537.36 (KHTML, like Gecko) Chrome/33.0.1750.152 Safari/537.36"
211.69.194.102 - - [08/Apr/2014:08:06:55 -0400] "POST /extension/login HTTP/1.1" 200 63 "-" "Mozilla/5.0 (X11; Linux x86_64) AppleWebKit/537.36 (KHTML, like Gecko) Chrome/33.0.1750.152 Safari/537.36"
115.156.219.162 - - [08/Apr/2014:08:07:13 -0400] "GET /account/auth HTTP/1.1" 301 889 "http://www.uniqueguoqi.com/account/login" "Mozilla/5.0 (Windows NT 6.2; WOW64) AppleWebKit/537.36 (KHTML, like Gecko) Chrome/33.0.1750.154 Safari/537.36"
211.69.194.102 - - [08/Apr/2014:08:07:14 -0400] "POST /extension/login HTTP/1.1" 200 63 "-" "Mozilla/5.0 (X11; Linux x86_64) AppleWebKit/537.36 (KHTML, like Gecko) Chrome/33.0.1750.152 Safari/537.36"
115.156.219.162 - - [08/Apr/2014:08:07:17 -0400] "GET /account/connect?state=924d302d-de54-44b8-a069-a70109c46264&code=4/TM0IPo5lG6FK38oMkPvWp2PCVUOI.Em0UJ2qObh8UgrKXntQAax1QEHyCigI HTTP/1.1" 302 239 "http://www.uniqueguoqi.com/account/login" "Mozilla/5.0 (Windows NT 6.2; WOW64) AppleWebKit/537.36 (KHTML, like Gecko) Chrome/33.0.1750.154 Safari/537.36"
211.69.194.102 - - [08/Apr/2014:08:07:17 -0400] "POST /extension/login HTTP/1.1" 200 63 "-" "Mozilla/5.0 (X11; Linux x86_64) AppleWebKit/537.36 (KHTML, like Gecko) Chrome/33.0.1750.152 Safari/537.36"
211.69.194.102 - - [08/Apr/2014:08:07:17 -0400] "POST /extension/login HTTP/1.1" 200 63 "-" "Mozilla/5.0 (X11; Linux x86_64) AppleWebKit/537.36 (KHTML, like Gecko) Chrome/33.0.1750.152 Safari/537.36"
211.69.194.102 - - [08/Apr/2014:08:07:17 -0400] "POST /extension/login HTTP/1.1" 200 63 "-" "Mozilla/5.0 (X11; Linux x86_64) AppleWebKit/537.36 (KHTML, like Gecko) Chrome/33.0.1750.152 Safari/537.36"
211.69.194.102 - - [08/Apr/2014:08:07:17 -0400] "POST /extension/login HTTP/1.1" 200 63 "-" "Mozilla/5.0 (X11; Linux x86_64) AppleWebKit/537.36 (KHTML, like Gecko) Chrome/33.0.1750.152 Safari/537.36"
115.156.219.162 - - [08/Apr/2014:08:07:17 -0400] "GET /account/add_pwd HTTP/1.1" 200 346 "http://www.uniqueguoqi.com/account/login" "Mozilla/5.0 (Windows NT 6.2; WOW64) AppleWebKit/537.36 (KHTML, like Gecko) Chrome/33.0.1750.154 Safari/537.36"
211.69.194.102 - - [08/Apr/2014:08:07:23 -0400] "POST /extension/login HTTP/1.1" 200 63 "-" "Mozilla/5.0 (X11; Linux x86_64) AppleWebKit/537.36 (KHTML, like Gecko) Chrome/33.0.1750.152 Safari/537.36"
211.69.194.102 - - [08/Apr/2014:08:07:24 -0400] "POST /extension/login HTTP/1.1" 200 63 "-" "Mozilla/5.0 (X11; Linux x86_64) AppleWebKit/537.36 (KHTML, like Gecko) Chrome/33.0.1750.152 Safari/537.36"
211.69.194.102 - - [08/Apr/2014:08:07:24 -0400] "POST /extension/login HTTP/1.1" 200 63 "-" "Mozilla/5.0 (X11; Linux x86_64) AppleWebKit/537.36 (KHTML, like Gecko) Chrome/33.0.1750.152 Safari/537.36"
211.69.194.102 - - [08/Apr/2014:08:07:25 -0400] "POST /extension/login HTTP/1.1" 200 63 "-" "Mozilla/5.0 (X11; Linux x86_64) AppleWebKit/537.36 (KHTML, like Gecko) Chrome/33.0.1750.152 Safari/537.36"
211.69.194.102 - - [08/Apr/2014:08:07:25 -0400] "POST /extension/login HTTP/1.1" 200 63 "-" "Mozilla/5.0 (X11; Linux x86_64) AppleWebKit/537.36 (KHTML, like Gecko) Chrome/33.0.1750.152 Safari/537.36"
211.69.194.102 - - [08/Apr/2014:08:07:25 -0400] "POST /extension/login HTTP/1.1" 200 63 "-" "Mozilla/5.0 (X11; Linux x86_64) AppleWebKit/537.36 (KHTML, like Gecko) Chrome/33.0.1750.152 Safari/537.36"
211.69.194.102 - - [08/Apr/2014:08:07:25 -0400] "POST /extension/login HTTP/1.1" 200 63 "-" "Mozilla/5.0 (X11; Linux x86_64) AppleWebKit/537.36 (KHTML, like Gecko) Chrome/33.0.1750.152 Safari/537.36"
211.69.194.102 - - [08/Apr/2014:08:07:25 -0400] "POST /extension/login HTTP/1.1" 200 63 "-" "Mozilla/5.0 (X11; Linux x86_64) AppleWebKit/537.36 (KHTML, like Gecko) Chrome/33.0.1750.152 Safari/537.36"
211.69.194.102 - - [08/Apr/2014:08:07:25 -0400] "POST /extension/login HTTP/1.1" 200 63 "-" "Mozilla/5.0 (X11; Linux x86_64) AppleWebKit/537.36 (KHTML, like Gecko) Chrome/33.0.1750.152 Safari/537.36"
211.69.194.102 - - [08/Apr/2014:08:07:25 -0400] "POST /extension/login HTTP/1.1" 200 63 "-" "Mozilla/5.0 (X11; Linux x86_64) AppleWebKit/537.36 (KHTML, like Gecko) Chrome/33.0.1750.152 Safari/537.36"
115.156.219.162 - - [08/Apr/2014:08:07:36 -0400] "POST /account/add_pwd HTTP/1.1" 302 229 "http://www.uniqueguoqi.com/account/add_pwd" "Mozilla/5.0 (Windows NT 6.2; WOW64) AppleWebKit/537.36 (KHTML, like Gecko) Chrome/33.0.1750.154 Safari/537.36"
115.156.219.162 - - [08/Apr/2014:08:07:37 -0400] "GET /share/list HTTP/1.1" 200 1367 "http://www.uniqueguoqi.com/account/add_pwd" "Mozilla/5.0 (Windows NT 6.2; WOW64) AppleWebKit/537.36 (KHTML, like Gecko) Chrome/33.0.1750.154 Safari/537.36"
115.156.219.162 - - [08/Apr/2014:08:07:40 -0400] "GET /static/img/bubble.png HTTP/1.1" 200 15693 "http://www.uniqueguoqi.com/share/list" "Mozilla/5.0 (Windows NT 6.2; WOW64) AppleWebKit/537.36 (KHTML, like Gecko) Chrome/33.0.1750.154 Safari/537.36"
115.156.219.162 - - [08/Apr/2014:08:07:40 -0400] "GET /static/js/index.js HTTP/1.1" 200 70686 "http://www.uniqueguoqi.com/share/list" "Mozilla/5.0 (Windows NT 6.2; WOW64) AppleWebKit/537.36 (KHTML, like Gecko) Chrome/33.0.1750.154 Safari/537.36"
115.156.219.162 - - [08/Apr/2014:08:07:41 -0400] "GET /static/css/index.css HTTP/1.1" 200 23193 "http://www.uniqueguoqi.com/share/list" "Mozilla/5.0 (Windows NT 6.2; WOW64) AppleWebKit/537.36 (KHTML, like Gecko) Chrome/33.0.1750.154 Safari/537.36"
115.156.219.162 - - [08/Apr/2014:08:07:42 -0400] "GET /static/img/home.png HTTP/1.1" 200 14926 "http://www.uniqueguoqi.com/share/list" "Mozilla/5.0 (Windows NT 6.2; WOW64) AppleWebKit/537.36 (KHTML, like Gecko) Chrome/33.0.1750.154 Safari/537.36"
115.156.219.162 - - [08/Apr/2014:08:07:42 -0400] "GET /static/img/collect.png HTTP/1.1" 200 22089 "http://www.uniqueguoqi.com/share/list" "Mozilla/5.0 (Windows NT 6.2; WOW64) AppleWebKit/537.36 (KHTML, like Gecko) Chrome/33.0.1750.154 Safari/537.36"
115.156.219.162 - - [08/Apr/2014:08:07:43 -0400] "GET /static/img/communicate.png HTTP/1.1" 200 15171 "http://www.uniqueguoqi.com/share/list" "Mozilla/5.0 (Windows NT 6.2; WOW64) AppleWebKit/537.36 (KHTML, like Gecko) Chrome/33.0.1750.154 Safari/537.36"
115.156.219.162 - - [08/Apr/2014:08:07:43 -0400] "GET /static/img/comment.png HTTP/1.1" 200 15565 "http://www.uniqueguoqi.com/share/list" "Mozilla/5.0 (Windows NT 6.2; WOW64) AppleWebKit/537.36 (KHTML, like Gecko) Chrome/33.0.1750.154 Safari/537.36"
115.156.219.162 - - [08/Apr/2014:08:07:43 -0400] "GET /static/img/toLeft.png HTTP/1.1" 200 15443 "http://www.uniqueguoqi.com/share/list" "Mozilla/5.0 (Windows NT 6.2; WOW64) AppleWebKit/537.36 (KHTML, like Gecko) Chrome/33.0.1750.154 Safari/537.36"
115.156.219.162 - - [08/Apr/2014:08:07:43 -0400] "GET /static/img/newTarget.png HTTP/1.1" 200 15426 "http://www.uniqueguoqi.com/share/list" "Mozilla/5.0 (Windows NT 6.2; WOW64) AppleWebKit/537.36 (KHTML, like Gecko) Chrome/33.0.1750.154 Safari/537.36"
115.156.219.162 - - [08/Apr/2014:08:07:43 -0400] "GET /static/img/random.png HTTP/1.1" 200 15332 "http://www.uniqueguoqi.com/share/list" "Mozilla/5.0 (Windows NT 6.2; WOW64) AppleWebKit/537.36 (KHTML, like Gecko) Chrome/33.0.1750.154 Safari/537.36"
115.156.219.162 - - [08/Apr/2014:08:07:43 -0400] "GET /static/img/forward.png HTTP/1.1" 200 15907 "http://www.uniqueguoqi.com/share/list" "Mozilla/5.0 (Windows NT 6.2; WOW64) AppleWebKit/537.36 (KHTML, like Gecko) Chrome/33.0.1750.154 Safari/537.36"
115.156.219.162 - - [08/Apr/2014:08:07:44 -0400] "GET /static/img/next.png HTTP/1.1" 200 14976 "http://www.uniqueguoqi.com/share/list" "Mozilla/5.0 (Windows NT 6.2; WOW64) AppleWebKit/537.36 (KHTML, like Gecko) Chrome/33.0.1750.154 Safari/537.36"
115.156.219.162 - - [08/Apr/2014:08:07:44 -0400] "GET /static/img/toRight.png HTTP/1.1" 200 14723 "http://www.uniqueguoqi.com/share/list" "Mozilla/5.0 (Windows NT 6.2; WOW64) AppleWebKit/537.36 (KHTML, like Gecko) Chrome/33.0.1750.154 Safari/537.36"
115.156.219.162 - - [08/Apr/2014:08:07:44 -0400] "GET /static/img/bgImgBlue.png HTTP/1.1" 200 44393 "http://www.uniqueguoqi.com/share/list" "Mozilla/5.0 (Windows NT 6.2; WOW64) AppleWebKit/537.36 (KHTML, like Gecko) Chrome/33.0.1750.154 Safari/537.36"
115.156.219.162 - - [08/Apr/2014:08:07:50 -0400] "POST /collection/list HTTP/1.1" 200 70 "http://www.uniqueguoqi.com/share/list" "Mozilla/5.0 (Windows NT 6.2; WOW64) AppleWebKit/537.36 (KHTML, like Gecko) Chrome/33.0.1750.154 Safari/537.36"
115.156.219.162 - - [08/Apr/2014:08:07:50 -0400] "POST /share/shuffle HTTP/1.1" 200 401 "http://www.uniqueguoqi.com/share/list" "Mozilla/5.0 (Windows NT 6.2; WOW64) AppleWebKit/537.36 (KHTML, like Gecko) Chrome/33.0.1750.154 Safari/537.36"
115.156.219.162 - - [08/Apr/2014:08:07:50 -0400] "POST /share/list HTTP/1.1" 200 1396 "http://www.uniqueguoqi.com/share/list" "Mozilla/5.0 (Windows NT 6.2; WOW64) AppleWebKit/537.36 (KHTML, like Gecko) Chrome/33.0.1750.154 Safari/537.36"
211.69.194.102 - - [08/Apr/2014:08:07:57 -0400] "POST /extension/login HTTP/1.1" 200 63 "-" "Mozilla/5.0 (X11; Linux x86_64) AppleWebKit/537.36 (KHTML, like Gecko) Chrome/33.0.1750.152 Safari/537.36"
115.156.219.162 - - [08/Apr/2014:08:08:03 -0400] "POST /extension/login HTTP/1.1" 200 63 "-" "Mozilla/5.0 (Windows NT 6.2; WOW64) AppleWebKit/537.36 (KHTML, like Gecko) Chrome/33.0.1750.154 Safari/537.36"
115.156.219.162 - - [08/Apr/2014:08:08:11 -0400] "POST /extension/login HTTP/1.1" 200 63 "-" "Mozilla/5.0 (Windows NT 6.2; WOW64) AppleWebKit/537.36 (KHTML, like Gecko) Chrome/33.0.1750.154 Safari/537.36"
115.156.219.162 - - [08/Apr/2014:08:08:12 -0400] "POST /extension/login HTTP/1.1" 200 63 "-" "Mozilla/5.0 (Windows NT 6.2; WOW64) AppleWebKit/537.36 (KHTML, like Gecko) Chrome/33.0.1750.154 Safari/537.36"
115.156.219.162 - - [08/Apr/2014:08:08:12 -0400] "POST /extension/login HTTP/1.1" 200 63 "-" "Mozilla/5.0 (Windows NT 6.2; WOW64) AppleWebKit/537.36 (KHTML, like Gecko) Chrome/33.0.1750.154 Safari/537.36"
115.156.219.162 - - [08/Apr/2014:08:08:12 -0400] "POST /extension/login HTTP/1.1" 200 63 "-" "Mozilla/5.0 (Windows NT 6.2; WOW64) AppleWebKit/537.36 (KHTML, like Gecko) Chrome/33.0.1750.154 Safari/537.36"
211.69.194.102 - - [08/Apr/2014:08:08:12 -0400] "POST /extension/login HTTP/1.1" 200 63 "-" "Mozilla/5.0 (X11; Linux x86_64) AppleWebKit/537.36 (KHTML, like Gecko) Chrome/33.0.1750.152 Safari/537.36"
115.156.219.162 - - [08/Apr/2014:08:08:18 -0400] "POST /extension/login HTTP/1.1" 200 63 "-" "Mozilla/5.0 (Windows NT 6.2; WOW64) AppleWebKit/537.36 (KHTML, like Gecko) Chrome/33.0.1750.154 Safari/537.36"
115.156.219.162 - - [08/Apr/2014:08:08:18 -0400] "POST /extension/login HTTP/1.1" 200 63 "-" "Mozilla/5.0 (Windows NT 6.2; WOW64) AppleWebKit/537.36 (KHTML, like Gecko) Chrome/33.0.1750.154 Safari/537.36"
115.156.219.162 - - [08/Apr/2014:08:08:18 -0400] "POST /extension/login HTTP/1.1" 200 63 "-" "Mozilla/5.0 (Windows NT 6.2; WOW64) AppleWebKit/537.36 (KHTML, like Gecko) Chrome/33.0.1750.154 Safari/537.36"
115.156.219.162 - - [08/Apr/2014:08:08:19 -0400] "POST /extension/login HTTP/1.1" 200 63 "-" "Mozilla/5.0 (Windows NT 6.2; WOW64) AppleWebKit/537.36 (KHTML, like Gecko) Chrome/33.0.1750.154 Safari/537.36"
115.156.219.162 - - [08/Apr/2014:08:08:23 -0400] "POST /extension/login HTTP/1.1" 200 63 "-" "Mozilla/5.0 (Windows NT 6.2; WOW64) AppleWebKit/537.36 (KHTML, like Gecko) Chrome/33.0.1750.154 Safari/537.36"
211.69.194.102 - - [08/Apr/2014:08:08:23 -0400] "POST /extension/login HTTP/1.1" 200 63 "-" "Mozilla/5.0 (X11; Linux x86_64) AppleWebKit/537.36 (KHTML, like Gecko) Chrome/33.0.1750.152 Safari/537.36"
115.156.219.162 - - [08/Apr/2014:08:08:24 -0400] "POST /extension/login HTTP/1.1" 200 63 "-" "Mozilla/5.0 (Windows NT 6.2; WOW64) AppleWebKit/537.36 (KHTML, like Gecko) Chrome/33.0.1750.154 Safari/537.36"
115.156.219.162 - - [08/Apr/2014:08:08:53 -0400] "POST /extension/login HTTP/1.1" 200 63 "-" "Mozilla/5.0 (Windows NT 6.2; WOW64) AppleWebKit/537.36 (KHTML, like Gecko) Chrome/33.0.1750.154 Safari/537.36"
211.69.194.102 - - [08/Apr/2014:08:09:54 -0400] "POST /extension/login HTTP/1.1" 499 0 "-" "Mozilla/5.0 (X11; Linux x86_64) AppleWebKit/537.36 (KHTML, like Gecko) Chrome/33.0.1750.152 Safari/537.36"
211.69.194.102 - - [08/Apr/2014:08:09:54 -0400] "POST /extension/login HTTP/1.1" 499 0 "-" "Mozilla/5.0 (X11; Linux x86_64) AppleWebKit/537.36 (KHTML, like Gecko) Chrome/33.0.1750.152 Safari/537.36"
211.69.194.102 - - [08/Apr/2014:08:09:54 -0400] "POST /extension/login HTTP/1.1" 499 0 "-" "Mozilla/5.0 (X11; Linux x86_64) AppleWebKit/537.36 (KHTML, like Gecko) Chrome/33.0.1750.152 Safari/537.36"
211.69.194.102 - - [08/Apr/2014:08:09:54 -0400] "POST /extension/login HTTP/1.1" 499 0 "-" "Mozilla/5.0 (X11; Linux x86_64) AppleWebKit/537.36 (KHTML, like Gecko) Chrome/33.0.1750.152 Safari/537.36"
211.69.194.102 - - [08/Apr/2014:08:09:54 -0400] "POST /extension/login HTTP/1.1" 499 0 "-" "Mozilla/5.0 (X11; Linux x86_64) AppleWebKit/537.36 (KHTML, like Gecko) Chrome/33.0.1750.152 Safari/537.36"
211.69.194.102 - - [08/Apr/2014:08:09:54 -0400] "POST /extension/login HTTP/1.1" 499 0 "-" "Mozilla/5.0 (X11; Linux x86_64) AppleWebKit/537.36 (KHTML, like Gecko) Chrome/33.0.1750.152 Safari/537.36"
211.69.194.102 - - [08/Apr/2014:08:10:20 -0400] "POST /extension/login HTTP/1.1" 499 0 "-" "Mozilla/5.0 (X11; Linux x86_64) AppleWebKit/537.36 (KHTML, like Gecko) Chrome/33.0.1750.152 Safari/537.36"
211.69.194.102 - - [08/Apr/2014:08:10:20 -0400] "POST /extension/login HTTP/1.1" 499 0 "-" "Mozilla/5.0 (X11; Linux x86_64) AppleWebKit/537.36 (KHTML, like Gecko) Chrome/33.0.1750.152 Safari/537.36"
211.69.194.102 - - [08/Apr/2014:08:10:20 -0400] "POST /extension/login HTTP/1.1" 499 0 "-" "Mozilla/5.0 (X11; Linux x86_64) AppleWebKit/537.36 (KHTML, like Gecko) Chrome/33.0.1750.152 Safari/537.36"
211.69.194.102 - - [08/Apr/2014:08:10:20 -0400] "POST /extension/login HTTP/1.1" 499 0 "-" "Mozilla/5.0 (X11; Linux x86_64) AppleWebKit/537.36 (KHTML, like Gecko) Chrome/33.0.1750.152 Safari/537.36"
211.69.194.102 - - [08/Apr/2014:08:10:20 -0400] "POST /extension/login HTTP/1.1" 499 0 "-" "Mozilla/5.0 (X11; Linux x86_64) AppleWebKit/537.36 (KHTML, like Gecko) Chrome/33.0.1750.152 Safari/537.36"
211.69.194.102 - - [08/Apr/2014:08:10:20 -0400] "POST /extension/login HTTP/1.1" 499 0 "-" "Mozilla/5.0 (X11; Linux x86_64) AppleWebKit/537.36 (KHTML, like Gecko) Chrome/33.0.1750.152 Safari/537.36"
211.69.194.102 - - [08/Apr/2014:08:10:30 -0400] "POST /extension/login HTTP/1.1" 499 0 "-" "Mozilla/5.0 (X11; Linux x86_64) AppleWebKit/537.36 (KHTML, like Gecko) Chrome/33.0.1750.152 Safari/537.36"
211.69.194.102 - - [08/Apr/2014:08:10:30 -0400] "POST /extension/login HTTP/1.1" 499 0 "-" "Mozilla/5.0 (X11; Linux x86_64) AppleWebKit/537.36 (KHTML, like Gecko) Chrome/33.0.1750.152 Safari/537.36"
211.69.194.102 - - [08/Apr/2014:08:10:30 -0400] "POST /extension/login HTTP/1.1" 499 0 "-" "Mozilla/5.0 (X11; Linux x86_64) AppleWebKit/537.36 (KHTML, like Gecko) Chrome/33.0.1750.152 Safari/537.36"
211.69.194.102 - - [08/Apr/2014:08:10:30 -0400] "POST /extension/login HTTP/1.1" 499 0 "-" "Mozilla/5.0 (X11; Linux x86_64) AppleWebKit/537.36 (KHTML, like Gecko) Chrome/33.0.1750.152 Safari/537.36"
211.69.194.102 - - [08/Apr/2014:08:10:30 -0400] "POST /extension/login HTTP/1.1" 499 0 "-" "Mozilla/5.0 (X11; Linux x86_64) AppleWebKit/537.36 (KHTML, like Gecko) Chrome/33.0.1750.152 Safari/537.36"
211.69.194.102 - - [08/Apr/2014:08:10:30 -0400] "POST /extension/login HTTP/1.1" 499 0 "-" "Mozilla/5.0 (X11; Linux x86_64) AppleWebKit/537.36 (KHTML, like Gecko) Chrome/33.0.1750.152 Safari/537.36"
211.69.194.102 - - [08/Apr/2014:08:10:32 -0400] "POST /extension/login HTTP/1.1" 200 63 "-" "Mozilla/5.0 (X11; Linux x86_64) AppleWebKit/537.36 (KHTML, like Gecko) Chrome/33.0.1750.152 Safari/537.36"
211.69.194.102 - - [08/Apr/2014:08:10:32 -0400] "POST /extension/login HTTP/1.1" 200 63 "-" "Mozilla/5.0 (X11; Linux x86_64) AppleWebKit/537.36 (KHTML, like Gecko) Chrome/33.0.1750.152 Safari/537.36"
211.69.194.102 - - [08/Apr/2014:08:10:32 -0400] "POST /extension/login HTTP/1.1" 200 63 "-" "Mozilla/5.0 (X11; Linux x86_64) AppleWebKit/537.36 (KHTML, like Gecko) Chrome/33.0.1750.152 Safari/537.36"
115.156.219.162 - - [08/Apr/2014:08:10:55 -0400] "POST /extension/login HTTP/1.1" 200 63 "-" "Mozilla/5.0 (Windows NT 6.2; WOW64) AppleWebKit/537.36 (KHTML, like Gecko) Chrome/33.0.1750.154 Safari/537.36"
211.69.194.102 - - [08/Apr/2014:08:11:02 -0400] "POST /share/next HTTP/1.1" 200 313 "http://www.uniqueguoqi.com/share/list" "Mozilla/5.0 (X11; Linux x86_64) AppleWebKit/537.36 (KHTML, like Gecko) Chrome/33.0.1750.152 Safari/537.36"
211.69.194.102 - - [08/Apr/2014:08:11:04 -0400] "POST /share/next HTTP/1.1" 200 313 "http://www.uniqueguoqi.com/share/list" "Mozilla/5.0 (X11; Linux x86_64) AppleWebKit/537.36 (KHTML, like Gecko) Chrome/33.0.1750.152 Safari/537.36"
115.156.219.162 - - [08/Apr/2014:08:11:05 -0400] "POST /extension/login HTTP/1.1" 200 63 "-" "Mozilla/5.0 (Windows NT 6.2; WOW64) AppleWebKit/537.36 (KHTML, like Gecko) Chrome/33.0.1750.154 Safari/537.36"
115.156.219.162 - - [08/Apr/2014:08:11:07 -0400] "POST /extension/login HTTP/1.1" 200 63 "-" "Mozilla/5.0 (Windows NT 6.2; WOW64) AppleWebKit/537.36 (KHTML, like Gecko) Chrome/33.0.1750.154 Safari/537.36"
115.156.219.162 - - [08/Apr/2014:08:11:18 -0400] "POST /extension/login HTTP/1.1" 200 63 "-" "Mozilla/5.0 (X11; Linux x86_64) AppleWebKit/537.36 (KHTML, like Gecko) Chrome/33.0.1750.152 Safari/537.36"
115.156.219.162 - - [08/Apr/2014:08:11:19 -0400] "GET /extension/logout HTTP/1.1" 200 16 "-" "Mozilla/5.0 (X11; Linux x86_64) AppleWebKit/537.36 (KHTML, like Gecko) Chrome/33.0.1750.152 Safari/537.36"
211.69.194.102 - - [08/Apr/2014:08:11:41 -0400] "POST /extension/login HTTP/1.1" 200 63 "-" "Mozilla/5.0 (X11; Linux x86_64) AppleWebKit/537.36 (KHTML, like Gecko) Chrome/33.0.1750.152 Safari/537.36"
211.69.194.102 - - [08/Apr/2014:08:11:53 -0400] "POST /extension/login HTTP/1.1" 200 63 "-" "Mozilla/5.0 (X11; Linux x86_64) AppleWebKit/537.36 (KHTML, like Gecko) Chrome/33.0.1750.152 Safari/537.36"
211.69.194.102 - - [08/Apr/2014:08:11:54 -0400] "POST /extension/login HTTP/1.1" 200 63 "-" "Mozilla/5.0 (X11; Linux x86_64) AppleWebKit/537.36 (KHTML, like Gecko) Chrome/33.0.1750.152 Safari/537.36"
211.69.194.102 - - [08/Apr/2014:08:11:55 -0400] "POST /extension/login HTTP/1.1" 200 63 "-" "Mozilla/5.0 (X11; Linux x86_64) AppleWebKit/537.36 (KHTML, like Gecko) Chrome/33.0.1750.152 Safari/537.36"
211.69.194.102 - - [08/Apr/2014:08:11:55 -0400] "POST /extension/login HTTP/1.1" 200 63 "-" "Mozilla/5.0 (X11; Linux x86_64) AppleWebKit/537.36 (KHTML, like Gecko) Chrome/33.0.1750.152 Safari/537.36"
211.69.194.102 - - [08/Apr/2014:08:11:55 -0400] "POST /extension/login HTTP/1.1" 200 63 "-" "Mozilla/5.0 (X11; Linux x86_64) AppleWebKit/537.36 (KHTML, like Gecko) Chrome/33.0.1750.152 Safari/537.36"
211.69.194.102 - - [08/Apr/2014:08:11:55 -0400] "POST /extension/login HTTP/1.1" 200 63 "-" "Mozilla/5.0 (X11; Linux x86_64) AppleWebKit/537.36 (KHTML, like Gecko) Chrome/33.0.1750.152 Safari/537.36"
211.69.194.102 - - [08/Apr/2014:08:11:55 -0400] "POST /extension/login HTTP/1.1" 200 63 "-" "Mozilla/5.0 (X11; Linux x86_64) AppleWebKit/537.36 (KHTML, like Gecko) Chrome/33.0.1750.152 Safari/537.36"
211.69.194.102 - - [08/Apr/2014:08:11:55 -0400] "POST /extension/login HTTP/1.1" 200 63 "-" "Mozilla/5.0 (X11; Linux x86_64) AppleWebKit/537.36 (KHTML, like Gecko) Chrome/33.0.1750.152 Safari/537.36"
211.69.194.102 - - [08/Apr/2014:08:11:55 -0400] "POST /extension/login HTTP/1.1" 200 63 "-" "Mozilla/5.0 (X11; Linux x86_64) AppleWebKit/537.36 (KHTML, like Gecko) Chrome/33.0.1750.152 Safari/537.36"
211.69.194.102 - - [08/Apr/2014:08:11:57 -0400] "POST /extension/login HTTP/1.1" 200 63 "-" "Mozilla/5.0 (X11; Linux x86_64) AppleWebKit/537.36 (KHTML, like Gecko) Chrome/33.0.1750.152 Safari/537.36"
211.69.194.102 - - [08/Apr/2014:08:11:57 -0400] "POST /extension/login HTTP/1.1" 200 63 "-" "Mozilla/5.0 (X11; Linux x86_64) AppleWebKit/537.36 (KHTML, like Gecko) Chrome/33.0.1750.152 Safari/537.36"
211.69.194.102 - - [08/Apr/2014:08:11:57 -0400] "POST /extension/login HTTP/1.1" 200 63 "-" "Mozilla/5.0 (X11; Linux x86_64) AppleWebKit/537.36 (KHTML, like Gecko) Chrome/33.0.1750.152 Safari/537.36"
211.69.194.102 - - [08/Apr/2014:08:12:07 -0400] "POST /extension/login HTTP/1.1" 200 63 "-" "Mozilla/5.0 (X11; Linux x86_64) AppleWebKit/537.36 (KHTML, like Gecko) Chrome/33.0.1750.152 Safari/537.36"
211.69.194.102 - - [08/Apr/2014:08:12:09 -0400] "POST /share/list HTTP/1.1" 200 70 "http://www.uniqueguoqi.com/share/list" "Mozilla/5.0 (X11; Linux x86_64) AppleWebKit/537.36 (KHTML, like Gecko) Chrome/33.0.1750.152 Safari/537.36"
211.69.194.102 - - [08/Apr/2014:08:12:26 -0400] "POST /share/list HTTP/1.1" 200 70 "http://www.uniqueguoqi.com/share/list" "Mozilla/5.0 (X11; Linux x86_64) AppleWebKit/537.36 (KHTML, like Gecko) Chrome/33.0.1750.152 Safari/537.36"
115.156.219.162 - - [08/Apr/2014:08:12:26 -0400] "POST /share/list HTTP/1.1" 200 70 "http://www.uniqueguoqi.com/share/list" "Mozilla/5.0 (Windows NT 6.2; WOW64) AppleWebKit/537.36 (KHTML, like Gecko) Chrome/33.0.1750.154 Safari/537.36"
211.69.194.102 - - [08/Apr/2014:08:12:30 -0400] "POST /comment/list HTTP/1.1" 200 59 "http://www.uniqueguoqi.com/share/list" "Mozilla/5.0 (X11; Linux x86_64) AppleWebKit/537.36 (KHTML, like Gecko) Chrome/33.0.1750.152 Safari/537.36"
211.69.194.102 - - [08/Apr/2014:08:12:35 -0400] "POST /comment/list HTTP/1.1" 200 59 "http://www.uniqueguoqi.com/share/list" "Mozilla/5.0 (X11; Linux x86_64) AppleWebKit/537.36 (KHTML, like Gecko) Chrome/33.0.1750.152 Safari/537.36"
211.69.194.102 - - [08/Apr/2014:08:12:42 -0400] "POST /comment/add HTTP/1.1" 500 23858 "http://www.uniqueguoqi.com/share/list" "Mozilla/5.0 (X11; Linux x86_64) AppleWebKit/537.36 (KHTML, like Gecko) Chrome/33.0.1750.152 Safari/537.36"
211.69.194.102 - - [08/Apr/2014:08:12:49 -0400] "POST /comment/list HTTP/1.1" 200 59 "http://www.uniqueguoqi.com/share/list" "Mozilla/5.0 (X11; Linux x86_64) AppleWebKit/537.36 (KHTML, like Gecko) Chrome/33.0.1750.152 Safari/537.36"
211.69.194.102 - - [08/Apr/2014:08:12:51 -0400] "POST /comment/add HTTP/1.1" 500 23868 "http://www.uniqueguoqi.com/share/list" "Mozilla/5.0 (X11; Linux x86_64) AppleWebKit/537.36 (KHTML, like Gecko) Chrome/33.0.1750.152 Safari/537.36"
211.69.194.102 - - [08/Apr/2014:08:12:59 -0400] "POST /comment/list HTTP/1.1" 200 59 "http://www.uniqueguoqi.com/share/list" "Mozilla/5.0 (X11; Linux x86_64) AppleWebKit/537.36 (KHTML, like Gecko) Chrome/33.0.1750.152 Safari/537.36"
8.35.201.45 - - [08/Apr/2014:08:13:14 -0400] "GET / HTTP/1.1" 302 229 "-" "Mozilla/5.0 (X11; Linux x86_64) AppleWebKit/537.36 (KHTML, like Gecko) Chrome/33.0.1750.152 Safari/537.36 AppEngine-Google; (+http://code.google.com/appengine; appid: s~guoqigoagent)"
8.35.201.45 - - [08/Apr/2014:08:13:15 -0400] "GET /share/list HTTP/1.1" 200 1379 "-" "Mozilla/5.0 (X11; Linux x86_64) AppleWebKit/537.36 (KHTML, like Gecko) Chrome/33.0.1750.152 Safari/537.36 AppEngine-Google; (+http://code.google.com/appengine; appid: s~guoqigoagent)"
8.35.200.44 - - [08/Apr/2014:08:13:17 -0400] "POST /share/list HTTP/1.1" 200 1396 "http://www.uniqueguoqi.com/share/list" "Mozilla/5.0 (X11; Linux x86_64) AppleWebKit/537.36 (KHTML, like Gecko) Chrome/33.0.1750.152 Safari/537.36 AppEngine-Google; (+http://code.google.com/appengine; appid: s~guoqigoagent)"
8.35.200.44 - - [08/Apr/2014:08:13:18 -0400] "POST /collection/list HTTP/1.1" 200 70 "http://www.uniqueguoqi.com/share/list" "Mozilla/5.0 (X11; Linux x86_64) AppleWebKit/537.36 (KHTML, like Gecko) Chrome/33.0.1750.152 Safari/537.36 AppEngine-Google; (+http://code.google.com/appengine; appid: s~guoqigoagent)"
8.35.200.44 - - [08/Apr/2014:08:13:20 -0400] "POST /comment/list HTTP/1.1" 200 59 "http://www.uniqueguoqi.com/share/list" "Mozilla/5.0 (X11; Linux x86_64) AppleWebKit/537.36 (KHTML, like Gecko) Chrome/33.0.1750.152 Safari/537.36 AppEngine-Google; (+http://code.google.com/appengine; appid: s~guoqigoagent)"
8.35.200.35 - - [08/Apr/2014:08:13:21 -0400] "POST /share/shuffle HTTP/1.1" 200 389 "http://www.uniqueguoqi.com/share/list" "Mozilla/5.0 (X11; Linux x86_64) AppleWebKit/537.36 (KHTML, like Gecko) Chrome/33.0.1750.152 Safari/537.36 AppEngine-Google; (+http://code.google.com/appengine; appid: s~guoqigoagent)"
8.35.200.38 - - [08/Apr/2014:08:13:22 -0400] "POST /comment/list HTTP/1.1" 200 59 "http://www.uniqueguoqi.com/share/list" "Mozilla/5.0 (X11; Linux x86_64) AppleWebKit/537.36 (KHTML, like Gecko) Chrome/33.0.1750.152 Safari/537.36 AppEngine-Google; (+http://code.google.com/appengine; appid: s~guoqigoagent)"
8.35.200.34 - - [08/Apr/2014:08:13:27 -0400] "POST /comment/add HTTP/1.1" 200 16 "http://www.uniqueguoqi.com/share/list" "Mozilla/5.0 (X11; Linux x86_64) AppleWebKit/537.36 (KHTML, like Gecko) Chrome/33.0.1750.152 Safari/537.36 AppEngine-Google; (+http://code.google.com/appengine; appid: s~guoqigoagent)"
211.69.194.102 - - [08/Apr/2014:08:13:36 -0400] "POST /comment/add HTTP/1.1" 500 23858 "http://www.uniqueguoqi.com/share/list" "Mozilla/5.0 (X11; Linux x86_64) AppleWebKit/537.36 (KHTML, like Gecko) Chrome/33.0.1750.152 Safari/537.36"
211.69.194.102 - - [08/Apr/2014:08:13:41 -0400] "GET /account/logout HTTP/1.1" 302 235 "http://www.uniqueguoqi.com/share/list" "Mozilla/5.0 (X11; Linux x86_64) AppleWebKit/537.36 (KHTML, like Gecko) Chrome/33.0.1750.152 Safari/537.36"
211.69.194.102 - - [08/Apr/2014:08:13:41 -0400] "GET /account/login HTTP/1.1" 200 1101 "http://www.uniqueguoqi.com/share/list" "Mozilla/5.0 (X11; Linux x86_64) AppleWebKit/537.36 (KHTML, like Gecko) Chrome/33.0.1750.152 Safari/537.36"
211.69.194.102 - - [08/Apr/2014:08:13:44 -0400] "GET /account/auth HTTP/1.1" 301 889 "http://www.uniqueguoqi.com/account/login" "Mozilla/5.0 (X11; Linux x86_64) AppleWebKit/537.36 (KHTML, like Gecko) Chrome/33.0.1750.152 Safari/537.36"
211.69.194.102 - - [08/Apr/2014:08:13:47 -0400] "GET /account/connect?state=d4cc45e2-bbf2-4005-b83f-7800436a40a4&code=4/AmOH3bqGbupiNF0ikfOXFNT-2a4s.UkHcSX-ET8QRXE-sT2ZLcbSv84eCigI HTTP/1.1" 302 229 "http://www.uniqueguoqi.com/account/login" "Mozilla/5.0 (X11; Linux x86_64) AppleWebKit/537.36 (KHTML, like Gecko) Chrome/33.0.1750.152 Safari/537.36"
211.69.194.102 - - [08/Apr/2014:08:13:47 -0400] "GET /share/list HTTP/1.1" 200 1368 "http://www.uniqueguoqi.com/account/login" "Mozilla/5.0 (X11; Linux x86_64) AppleWebKit/537.36 (KHTML, like Gecko) Chrome/33.0.1750.152 Safari/537.36"
211.69.194.102 - - [08/Apr/2014:08:13:48 -0400] "POST /share/list HTTP/1.1" 200 1412 "http://www.uniqueguoqi.com/share/list" "Mozilla/5.0 (X11; Linux x86_64) AppleWebKit/537.36 (KHTML, like Gecko) Chrome/33.0.1750.152 Safari/537.36"
211.69.194.102 - - [08/Apr/2014:08:13:48 -0400] "POST /collection/list HTTP/1.1" 200 70 "http://www.uniqueguoqi.com/share/list" "Mozilla/5.0 (X11; Linux x86_64) AppleWebKit/537.36 (KHTML, like Gecko) Chrome/33.0.1750.152 Safari/537.36"
211.69.194.102 - - [08/Apr/2014:08:13:48 -0400] "POST /share/shuffle HTTP/1.1" 200 407 "http://www.uniqueguoqi.com/share/list" "Mozilla/5.0 (X11; Linux x86_64) AppleWebKit/537.36 (KHTML, like Gecko) Chrome/33.0.1750.152 Safari/537.36"
115.156.219.162 - - [08/Apr/2014:08:13:51 -0400] "POST /extension/login HTTP/1.1" 200 63 "-" "Mozilla/5.0 (X11; Linux x86_64) AppleWebKit/537.36 (KHTML, like Gecko) Chrome/33.0.1750.152 Safari/537.36"
211.69.194.102 - - [08/Apr/2014:08:13:53 -0400] "POST /comment/list HTTP/1.1" 200 59 "http://www.uniqueguoqi.com/share/list" "Mozilla/5.0 (X11; Linux x86_64) AppleWebKit/537.36 (KHTML, like Gecko) Chrome/33.0.1750.152 Safari/537.36"
8.35.200.46 - - [08/Apr/2014:08:13:54 -0400] "POST /share/list HTTP/1.1" 200 70 "http://www.uniqueguoqi.com/share/list" "Mozilla/5.0 (X11; Linux x86_64) AppleWebKit/537.36 (KHTML, like Gecko) Chrome/33.0.1750.152 Safari/537.36 AppEngine-Google; (+http://code.google.com/appengine; appid: s~guoqigoagent)"
211.69.194.102 - - [08/Apr/2014:08:13:57 -0400] "POST /comment/add HTTP/1.1" 200 16 "http://www.uniqueguoqi.com/share/list" "Mozilla/5.0 (X11; Linux x86_64) AppleWebKit/537.36 (KHTML, like Gecko) Chrome/33.0.1750.152 Safari/537.36"
8.35.200.45 - - [08/Apr/2014:08:14:38 -0400] "POST /share/list HTTP/1.1" 200 70 "http://www.uniqueguoqi.com/share/list" "Mozilla/5.0 (X11; Linux x86_64) AppleWebKit/537.36 (KHTML, like Gecko) Chrome/33.0.1750.152 Safari/537.36 AppEngine-Google; (+http://code.google.com/appengine; appid: s~guoqigoagent)"
115.156.219.162 - - [08/Apr/2014:08:14:38 -0400] "POST /extension/login HTTP/1.1" 200 63 "-" "Mozilla/5.0 (X11; Linux x86_64) AppleWebKit/537.36 (KHTML, like Gecko) Chrome/33.0.1750.152 Safari/537.36"
8.35.201.45 - - [08/Apr/2014:08:14:43 -0400] "POST /share/list HTTP/1.1" 200 70 "http://www.uniqueguoqi.com/share/list" "Mozilla/5.0 (X11; Linux x86_64) AppleWebKit/537.36 (KHTML, like Gecko) Chrome/33.0.1750.152 Safari/537.36 AppEngine-Google; (+http://code.google.com/appengine; appid: s~guoqigoagent)"
115.156.219.162 - - [08/Apr/2014:08:14:44 -0400] "POST /extension/login HTTP/1.1" 200 17 "-" "Mozilla/5.0 (X11; Linux x86_64) AppleWebKit/537.36 (KHTML, like Gecko) Chrome/33.0.1750.152 Safari/537.36"
8.35.201.44 - - [08/Apr/2014:08:14:46 -0400] "POST /share/list HTTP/1.1" 200 70 "http://www.uniqueguoqi.com/share/list" "Mozilla/5.0 (X11; Linux x86_64) AppleWebKit/537.36 (KHTML, like Gecko) Chrome/33.0.1750.152 Safari/537.36 AppEngine-Google; (+http://code.google.com/appengine; appid: s~guoqigoagent)"
115.156.219.162 - - [08/Apr/2014:08:14:50 -0400] "POST /extension/login HTTP/1.1" 200 63 "-" "Mozilla/5.0 (X11; Linux x86_64) AppleWebKit/537.36 (KHTML, like Gecko) Chrome/33.0.1750.152 Safari/537.36"
8.35.200.32 - - [08/Apr/2014:08:14:53 -0400] "POST /share/list HTTP/1.1" 200 70 "http://www.uniqueguoqi.com/share/list" "Mozilla/5.0 (X11; Linux x86_64) AppleWebKit/537.36 (KHTML, like Gecko) Chrome/33.0.1750.152 Safari/537.36 AppEngine-Google; (+http://code.google.com/appengine; appid: s~guoqigoagent)"
115.156.219.162 - - [08/Apr/2014:08:15:02 -0400] "POST /extension/login HTTP/1.1" 200 63 "-" "Mozilla/5.0 (X11; Linux x86_64) AppleWebKit/537.36 (KHTML, like Gecko) Chrome/33.0.1750.152 Safari/537.36"
8.35.200.42 - - [08/Apr/2014:08:15:09 -0400] "GET /share/list HTTP/1.1" 200 1379 "-" "Mozilla/5.0 (X11; Linux x86_64) AppleWebKit/537.36 (KHTML, like Gecko) Chrome/33.0.1750.152 Safari/537.36 AppEngine-Google; (+http://code.google.com/appengine; appid: s~guoqigoagent)"
8.35.201.45 - - [08/Apr/2014:08:15:10 -0400] "GET /static/css/index.css HTTP/1.1" 304 0 "http://www.uniqueguoqi.com/share/list" "Mozilla/5.0 (X11; Linux x86_64) AppleWebKit/537.36 (KHTML, like Gecko) Chrome/33.0.1750.152 Safari/537.36 AppEngine-Google; (+http://code.google.com/appengine; appid: s~guoqigoagent)"
8.35.201.32 - - [08/Apr/2014:08:15:10 -0400] "GET /static/img/bubble.png HTTP/1.1" 304 0 "http://www.uniqueguoqi.com/share/list" "Mozilla/5.0 (X11; Linux x86_64) AppleWebKit/537.36 (KHTML, like Gecko) Chrome/33.0.1750.152 Safari/537.36 AppEngine-Google; (+http://code.google.com/appengine; appid: s~guoqigoagent)"
8.35.200.41 - - [08/Apr/2014:08:15:11 -0400] "GET /static/js/index.js HTTP/1.1" 304 0 "http://www.uniqueguoqi.com/share/list" "Mozilla/5.0 (X11; Linux x86_64) AppleWebKit/537.36 (KHTML, like Gecko) Chrome/33.0.1750.152 Safari/537.36 AppEngine-Google; (+http://code.google.com/appengine; appid: s~guoqigoagent)"
8.35.201.46 - - [08/Apr/2014:08:15:13 -0400] "POST /share/list HTTP/1.1" 200 1409 "http://www.uniqueguoqi.com/share/list" "Mozilla/5.0 (X11; Linux x86_64) AppleWebKit/537.36 (KHTML, like Gecko) Chrome/33.0.1750.152 Safari/537.36 AppEngine-Google; (+http://code.google.com/appengine; appid: s~guoqigoagent)"
