8.35.200.41 - - [08/Apr/2014:06:44:43 -0400] "POST /share/shuffle HTTP/1.1" 200 383 "http://www.uniqueguoqi.com/share/list" "Mozilla/5.0 (X11; Linux x86_64) AppleWebKit/537.36 (KHTML, like Gecko) Chrome/33.0.1750.152 Safari/537.36 AppEngine-Google; (+http://code.google.com/appengine; appid: s~guoqigoagent)"
8.35.200.37 - - [08/Apr/2014:06:48:57 -0400] "GET / HTTP/1.1" 302 229 "-" "Mozilla/5.0 (X11; Linux x86_64) AppleWebKit/537.36 (KHTML, like Gecko) Chrome/33.0.1750.152 Safari/537.36 AppEngine-Google; (+http://code.google.com/appengine; appid: s~guoqigoagent)"
8.35.201.32 - - [08/Apr/2014:06:48:58 -0400] "GET /share/list HTTP/1.1" 200 1371 "-" "Mozilla/5.0 (X11; Linux x86_64) AppleWebKit/537.36 (KHTML, like Gecko) Chrome/33.0.1750.152 Safari/537.36 AppEngine-Google; (+http://code.google.com/appengine; appid: s~guoqigoagent)"
8.35.200.46 - - [08/Apr/2014:06:48:59 -0400] "POST /share/list HTTP/1.1" 200 1240 "http://www.uniqueguoqi.com/share/list" "Mozilla/5.0 (X11; Linux x86_64) AppleWebKit/537.36 (KHTML, like Gecko) Chrome/33.0.1750.152 Safari/537.36 AppEngine-Google; (+http://code.google.com/appengine; appid: s~guoqigoagent)"
8.35.201.47 - - [08/Apr/2014:06:48:59 -0400] "POST /collection/list HTTP/1.1" 200 70 "http://www.uniqueguoqi.com/share/list" "Mozilla/5.0 (X11; Linux x86_64) AppleWebKit/537.36 (KHTML, like Gecko) Chrome/33.0.1750.152 Safari/537.36 AppEngine-Google; (+http://code.google.com/appengine; appid: s~guoqigoagent)"
8.35.201.35 - - [08/Apr/2014:06:49:00 -0400] "POST /share/shuffle HTTP/1.1" 200 383 "http://www.uniqueguoqi.com/share/list" "Mozilla/5.0 (X11; Linux x86_64) AppleWebKit/537.36 (KHTML, like Gecko) Chrome/33.0.1750.152 Safari/537.36 AppEngine-Google; (+http://code.google.com/appengine; appid: s~guoqigoagent)"
115.156.219.162 - - [08/Apr/2014:06:50:14 -0400] "POST /share/list HTTP/1.1" 200 70 "http://www.uniqueguoqi.com/share/list" "Mozilla/5.0 (X11; Linux x86_64) AppleWebKit/537.36 (KHTML, like Gecko) Chrome/33.0.1750.152 Safari/537.36"
115.156.219.162 - - [08/Apr/2014:06:50:17 -0400] "POST /share/list HTTP/1.1" 200 70 "http://www.uniqueguoqi.com/share/list" "Mozilla/5.0 (X11; Linux x86_64) AppleWebKit/537.36 (KHTML, like Gecko) Chrome/33.0.1750.152 Safari/537.36"
115.156.219.162 - - [08/Apr/2014:06:50:18 -0400] "POST /share/list HTTP/1.1" 200 70 "http://www.uniqueguoqi.com/share/list" "Mozilla/5.0 (X11; Linux x86_64) AppleWebKit/537.36 (KHTML, like Gecko) Chrome/33.0.1750.152 Safari/537.36"
115.156.219.162 - - [08/Apr/2014:06:50:30 -0400] "POST /extension/login HTTP/1.1" 200 17 "-" "Mozilla/5.0 (X11; Linux x86_64) AppleWebKit/537.36 (KHTML, like Gecko) Chrome/33.0.1750.152 Safari/537.36"
115.156.219.162 - - [08/Apr/2014:06:50:32 -0400] "POST /extension/add HTTP/1.1" 200 16 "-" "Mozilla/5.0 (X11; Linux x86_64) AppleWebKit/537.36 (KHTML, like Gecko) Chrome/33.0.1750.152 Safari/537.36"
115.156.219.162 - - [08/Apr/2014:06:50:37 -0400] "GET /share/list HTTP/1.1" 200 1371 "-" "Mozilla/5.0 (X11; Linux x86_64) AppleWebKit/537.36 (KHTML, like Gecko) Chrome/33.0.1750.152 Safari/537.36"
115.156.219.162 - - [08/Apr/2014:06:50:37 -0400] "GET /static/css/index.css HTTP/1.1" 304 0 "http://www.uniqueguoqi.com/share/list" "Mozilla/5.0 (X11; Linux x86_64) AppleWebKit/537.36 (KHTML, like Gecko) Chrome/33.0.1750.152 Safari/537.36"
115.156.219.162 - - [08/Apr/2014:06:50:38 -0400] "GET /static/js/index.js HTTP/1.1" 304 0 "http://www.uniqueguoqi.com/share/list" "Mozilla/5.0 (X11; Linux x86_64) AppleWebKit/537.36 (KHTML, like Gecko) Chrome/33.0.1750.152 Safari/537.36"
115.156.219.162 - - [08/Apr/2014:06:50:38 -0400] "GET /static/img/bubble.png HTTP/1.1" 304 0 "http://www.uniqueguoqi.com/share/list" "Mozilla/5.0 (X11; Linux x86_64) AppleWebKit/537.36 (KHTML, like Gecko) Chrome/33.0.1750.152 Safari/537.36"
115.156.219.162 - - [08/Apr/2014:06:50:38 -0400] "GET /static/img/bgImgWhite.jpg HTTP/1.1" 304 0 "http://www.uniqueguoqi.com/share/list" "Mozilla/5.0 (X11; Linux x86_64) AppleWebKit/537.36 (KHTML, like Gecko) Chrome/33.0.1750.152 Safari/537.36"
115.156.219.162 - - [08/Apr/2014:06:50:38 -0400] "GET /static/img/bgImgBlue.png HTTP/1.1" 304 0 "http://www.uniqueguoqi.com/share/list" "Mozilla/5.0 (X11; Linux x86_64) AppleWebKit/537.36 (KHTML, like Gecko) Chrome/33.0.1750.152 Safari/537.36"
115.156.219.162 - - [08/Apr/2014:06:50:38 -0400] "GET /static/img/communicate.png HTTP/1.1" 304 0 "http://www.uniqueguoqi.com/share/list" "Mozilla/5.0 (X11; Linux x86_64) AppleWebKit/537.36 (KHTML, like Gecko) Chrome/33.0.1750.152 Safari/537.36"
115.156.219.162 - - [08/Apr/2014:06:50:38 -0400] "GET /static/img/newTarget.png HTTP/1.1" 304 0 "http://www.uniqueguoqi.com/share/list" "Mozilla/5.0 (X11; Linux x86_64) AppleWebKit/537.36 (KHTML, like Gecko) Chrome/33.0.1750.152 Safari/537.36"
115.156.219.162 - - [08/Apr/2014:06:50:38 -0400] "GET /static/img/collect.png HTTP/1.1" 304 0 "http://www.uniqueguoqi.com/share/list" "Mozilla/5.0 (X11; Linux x86_64) AppleWebKit/537.36 (KHTML, like Gecko) Chrome/33.0.1750.152 Safari/537.36"
115.156.219.162 - - [08/Apr/2014:06:50:38 -0400] "GET /static/img/home.png HTTP/1.1" 304 0 "http://www.uniqueguoqi.com/share/list" "Mozilla/5.0 (X11; Linux x86_64) AppleWebKit/537.36 (KHTML, like Gecko) Chrome/33.0.1750.152 Safari/537.36"
115.156.219.162 - - [08/Apr/2014:06:50:38 -0400] "GET /static/img/toLeft.png HTTP/1.1" 304 0 "http://www.uniqueguoqi.com/share/list" "Mozilla/5.0 (X11; Linux x86_64) AppleWebKit/537.36 (KHTML, like Gecko) Chrome/33.0.1750.152 Safari/537.36"
115.156.219.162 - - [08/Apr/2014:06:50:38 -0400] "GET /static/img/next.png HTTP/1.1" 304 0 "http://www.uniqueguoqi.com/share/list" "Mozilla/5.0 (X11; Linux x86_64) AppleWebKit/537.36 (KHTML, like Gecko) Chrome/33.0.1750.152 Safari/537.36"
115.156.219.162 - - [08/Apr/2014:06:50:38 -0400] "GET /static/img/random.png HTTP/1.1" 304 0 "http://www.uniqueguoqi.com/share/list" "Mozilla/5.0 (X11; Linux x86_64) AppleWebKit/537.36 (KHTML, like Gecko) Chrome/33.0.1750.152 Safari/537.36"
115.156.219.162 - - [08/Apr/2014:06:50:38 -0400] "GET /static/img/comment.png HTTP/1.1" 304 0 "http://www.uniqueguoqi.com/share/list" "Mozilla/5.0 (X11; Linux x86_64) AppleWebKit/537.36 (KHTML, like Gecko) Chrome/33.0.1750.152 Safari/537.36"
115.156.219.162 - - [08/Apr/2014:06:50:39 -0400] "GET /static/img/forward.png HTTP/1.1" 304 0 "http://www.uniqueguoqi.com/share/list" "Mozilla/5.0 (X11; Linux x86_64) AppleWebKit/537.36 (KHTML, like Gecko) Chrome/33.0.1750.152 Safari/537.36"
115.156.219.162 - - [08/Apr/2014:06:50:39 -0400] "GET /static/img/toRight.png HTTP/1.1" 304 0 "http://www.uniqueguoqi.com/share/list" "Mozilla/5.0 (X11; Linux x86_64) AppleWebKit/537.36 (KHTML, like Gecko) Chrome/33.0.1750.152 Safari/537.36"
8.35.201.32 - - [08/Apr/2014:06:51:12 -0400] "GET /share/list HTTP/1.1" 200 1371 "-" "Mozilla/5.0 (X11; Linux x86_64) AppleWebKit/537.36 (KHTML, like Gecko) Chrome/33.0.1750.152 Safari/537.36 AppEngine-Google; (+http://code.google.com/appengine; appid: s~guoqigoagent)"
8.35.201.37 - - [08/Apr/2014:06:51:12 -0400] "GET /share/list HTTP/1.1" 200 1371 "-" "Mozilla/5.0 (X11; Linux x86_64) AppleWebKit/537.36 (KHTML, like Gecko) Chrome/33.0.1750.152 Safari/537.36 AppEngine-Google; (+http://code.google.com/appengine; appid: s~guoqigoagent)"
8.35.200.47 - - [08/Apr/2014:06:51:12 -0400] "GET /share/list HTTP/1.1" 200 1371 "-" "Mozilla/5.0 (X11; Linux x86_64) AppleWebKit/537.36 (KHTML, like Gecko) Chrome/33.0.1750.152 Safari/537.36 AppEngine-Google; (+http://code.google.com/appengine; appid: s~guoqigoagent)"
8.35.200.38 - - [08/Apr/2014:06:51:13 -0400] "GET /share/list HTTP/1.1" 200 1371 "-" "Mozilla/5.0 (X11; Linux x86_64) AppleWebKit/537.36 (KHTML, like Gecko) Chrome/33.0.1750.152 Safari/537.36 AppEngine-Google; (+http://code.google.com/appengine; appid: s~guoqigoagent)"
8.35.201.33 - - [08/Apr/2014:06:51:17 -0400] "GET / HTTP/1.1" 302 229 "-" "Mozilla/5.0 (X11; Linux x86_64) AppleWebKit/537.36 (KHTML, like Gecko) Chrome/33.0.1750.152 Safari/537.36 AppEngine-Google; (+http://code.google.com/appengine; appid: s~guoqigoagent)"
8.35.200.35 - - [08/Apr/2014:06:51:18 -0400] "POST /collection/list HTTP/1.1" 200 70 "http://www.uniqueguoqi.com/share/list" "Mozilla/5.0 (X11; Linux x86_64) AppleWebKit/537.36 (KHTML, like Gecko) Chrome/33.0.1750.152 Safari/537.36 AppEngine-Google; (+http://code.google.com/appengine; appid: s~guoqigoagent)"
8.35.200.36 - - [08/Apr/2014:06:51:19 -0400] "POST /share/list HTTP/1.1" 200 1328 "http://www.uniqueguoqi.com/share/list" "Mozilla/5.0 (X11; Linux x86_64) AppleWebKit/537.36 (KHTML, like Gecko) Chrome/33.0.1750.152 Safari/537.36 AppEngine-Google; (+http://code.google.com/appengine; appid: s~guoqigoagent)"
8.35.200.38 - - [08/Apr/2014:06:51:19 -0400] "POST /share/shuffle HTTP/1.1" 200 401 "http://www.uniqueguoqi.com/share/list" "Mozilla/5.0 (X11; Linux x86_64) AppleWebKit/537.36 (KHTML, like Gecko) Chrome/33.0.1750.152 Safari/537.36 AppEngine-Google; (+http://code.google.com/appengine; appid: s~guoqigoagent)"
8.35.200.33 - - [08/Apr/2014:07:05:40 -0400] "GET / HTTP/1.1" 302 229 "-" "Mozilla/5.0 (X11; Linux x86_64) AppleWebKit/537.36 (KHTML, like Gecko) Chrome/33.0.1750.152 Safari/537.36 AppEngine-Google; (+http://code.google.com/appengine; appid: s~guoqigoagent)"
8.35.201.43 - - [08/Apr/2014:07:05:41 -0400] "GET /share/list HTTP/1.1" 200 1379 "-" "Mozilla/5.0 (X11; Linux x86_64) AppleWebKit/537.36 (KHTML, like Gecko) Chrome/33.0.1750.152 Safari/537.36 AppEngine-Google; (+http://code.google.com/appengine; appid: s~guoqigoagent)"
8.35.200.44 - - [08/Apr/2014:07:05:42 -0400] "POST /share/list HTTP/1.1" 200 1328 "http://www.uniqueguoqi.com/share/list" "Mozilla/5.0 (X11; Linux x86_64) AppleWebKit/537.36 (KHTML, like Gecko) Chrome/33.0.1750.152 Safari/537.36 AppEngine-Google; (+http://code.google.com/appengine; appid: s~guoqigoagent)"
8.35.201.47 - - [08/Apr/2014:07:05:43 -0400] "POST /collection/list HTTP/1.1" 200 70 "http://www.uniqueguoqi.com/share/list" "Mozilla/5.0 (X11; Linux x86_64) AppleWebKit/537.36 (KHTML, like Gecko) Chrome/33.0.1750.152 Safari/537.36 AppEngine-Google; (+http://code.google.com/appengine; appid: s~guoqigoagent)"
8.35.200.34 - - [08/Apr/2014:07:05:45 -0400] "POST /share/shuffle HTTP/1.1" 200 353 "http://www.uniqueguoqi.com/share/list" "Mozilla/5.0 (X11; Linux x86_64) AppleWebKit/537.36 (KHTML, like Gecko) Chrome/33.0.1750.152 Safari/537.36 AppEngine-Google; (+http://code.google.com/appengine; appid: s~guoqigoagent)"
8.35.201.44 - - [08/Apr/2014:07:07:10 -0400] "POST /extension/login HTTP/1.1" 200 17 "-" "Mozilla/5.0 (X11; Linux x86_64) AppleWebKit/537.36 (KHTML, like Gecko) Chrome/33.0.1750.152 Safari/537.36 AppEngine-Google; (+http://code.google.com/appengine; appid: s~guoqigoagent)"
8.35.201.45 - - [08/Apr/2014:07:07:13 -0400] "POST /extension/add HTTP/1.1" 200 16 "-" "Mozilla/5.0 (X11; Linux x86_64) AppleWebKit/537.36 (KHTML, like Gecko) Chrome/33.0.1750.152 Safari/537.36 AppEngine-Google; (+http://code.google.com/appengine; appid: s~guoqigoagent)"
8.35.201.37 - - [08/Apr/2014:07:07:20 -0400] "GET /share/list HTTP/1.1" 200 1379 "-" "Mozilla/5.0 (X11; Linux x86_64) AppleWebKit/537.36 (KHTML, like Gecko) Chrome/33.0.1750.152 Safari/537.36 AppEngine-Google; (+http://code.google.com/appengine; appid: s~guoqigoagent)"
8.35.201.35 - - [08/Apr/2014:07:07:21 -0400] "GET /static/img/bubble.png HTTP/1.1" 304 0 "http://www.uniqueguoqi.com/share/list" "Mozilla/5.0 (X11; Linux x86_64) AppleWebKit/537.36 (KHTML, like Gecko) Chrome/33.0.1750.152 Safari/537.36 AppEngine-Google; (+http://code.google.com/appengine; appid: s~guoqigoagent)"
8.35.200.32 - - [08/Apr/2014:07:07:22 -0400] "GET /static/css/index.css HTTP/1.1" 304 0 "http://www.uniqueguoqi.com/share/list" "Mozilla/5.0 (X11; Linux x86_64) AppleWebKit/537.36 (KHTML, like Gecko) Chrome/33.0.1750.152 Safari/537.36 AppEngine-Google; (+http://code.google.com/appengine; appid: s~guoqigoagent)"
8.35.200.34 - - [08/Apr/2014:07:07:23 -0400] "GET /static/img/bgImgWhite.jpg HTTP/1.1" 304 0 "http://www.uniqueguoqi.com/share/list" "Mozilla/5.0 (X11; Linux x86_64) AppleWebKit/537.36 (KHTML, like Gecko) Chrome/33.0.1750.152 Safari/537.36 AppEngine-Google; (+http://code.google.com/appengine; appid: s~guoqigoagent)"
8.35.201.33 - - [08/Apr/2014:07:07:23 -0400] "GET /static/js/index.js HTTP/1.1" 304 0 "http://www.uniqueguoqi.com/share/list" "Mozilla/5.0 (X11; Linux x86_64) AppleWebKit/537.36 (KHTML, like Gecko) Chrome/33.0.1750.152 Safari/537.36 AppEngine-Google; (+http://code.google.com/appengine; appid: s~guoqigoagent)"
8.35.201.38 - - [08/Apr/2014:07:07:23 -0400] "GET /static/img/home.png HTTP/1.1" 304 0 "http://www.uniqueguoqi.com/share/list" "Mozilla/5.0 (X11; Linux x86_64) AppleWebKit/537.36 (KHTML, like Gecko) Chrome/33.0.1750.152 Safari/537.36 AppEngine-Google; (+http://code.google.com/appengine; appid: s~guoqigoagent)"
8.35.200.32 - - [08/Apr/2014:07:07:24 -0400] "GET /static/img/next.png HTTP/1.1" 304 0 "http://www.uniqueguoqi.com/share/list" "Mozilla/5.0 (X11; Linux x86_64) AppleWebKit/537.36 (KHTML, like Gecko) Chrome/33.0.1750.152 Safari/537.36 AppEngine-Google; (+http://code.google.com/appengine; appid: s~guoqigoagent)"
8.35.201.42 - - [08/Apr/2014:07:07:24 -0400] "GET /static/img/forward.png HTTP/1.1" 304 0 "http://www.uniqueguoqi.com/share/list" "Mozilla/5.0 (X11; Linux x86_64) AppleWebKit/537.36 (KHTML, like Gecko) Chrome/33.0.1750.152 Safari/537.36 AppEngine-Google; (+http://code.google.com/appengine; appid: s~guoqigoagent)"
8.35.200.47 - - [08/Apr/2014:07:07:24 -0400] "GET /static/img/communicate.png HTTP/1.1" 304 0 "http://www.uniqueguoqi.com/share/list" "Mozilla/5.0 (X11; Linux x86_64) AppleWebKit/537.36 (KHTML, like Gecko) Chrome/33.0.1750.152 Safari/537.36 AppEngine-Google; (+http://code.google.com/appengine; appid: s~guoqigoagent)"
8.35.200.44 - - [08/Apr/2014:07:07:24 -0400] "GET /static/img/collect.png HTTP/1.1" 304 0 "http://www.uniqueguoqi.com/share/list" "Mozilla/5.0 (X11; Linux x86_64) AppleWebKit/537.36 (KHTML, like Gecko) Chrome/33.0.1750.152 Safari/537.36 AppEngine-Google; (+http://code.google.com/appengine; appid: s~guoqigoagent)"
8.35.200.37 - - [08/Apr/2014:07:07:24 -0400] "GET /static/img/random.png HTTP/1.1" 304 0 "http://www.uniqueguoqi.com/share/list" "Mozilla/5.0 (X11; Linux x86_64) AppleWebKit/537.36 (KHTML, like Gecko) Chrome/33.0.1750.152 Safari/537.36 AppEngine-Google; (+http://code.google.com/appengine; appid: s~guoqigoagent)"
8.35.201.34 - - [08/Apr/2014:07:07:25 -0400] "GET /static/img/bgImgBlue.png HTTP/1.1" 304 0 "http://www.uniqueguoqi.com/share/list" "Mozilla/5.0 (X11; Linux x86_64) AppleWebKit/537.36 (KHTML, like Gecko) Chrome/33.0.1750.152 Safari/537.36 AppEngine-Google; (+http://code.google.com/appengine; appid: s~guoqigoagent)"
8.35.200.32 - - [08/Apr/2014:07:07:26 -0400] "GET /static/img/newTarget.png HTTP/1.1" 304 0 "http://www.uniqueguoqi.com/share/list" "Mozilla/5.0 (X11; Linux x86_64) AppleWebKit/537.36 (KHTML, like Gecko) Chrome/33.0.1750.152 Safari/537.36 AppEngine-Google; (+http://code.google.com/appengine; appid: s~guoqigoagent)"
8.35.201.35 - - [08/Apr/2014:07:07:26 -0400] "GET /static/img/toLeft.png HTTP/1.1" 304 0 "http://www.uniqueguoqi.com/share/list" "Mozilla/5.0 (X11; Linux x86_64) AppleWebKit/537.36 (KHTML, like Gecko) Chrome/33.0.1750.152 Safari/537.36 AppEngine-Google; (+http://code.google.com/appengine; appid: s~guoqigoagent)"
8.35.201.39 - - [08/Apr/2014:07:07:26 -0400] "GET /static/img/toRight.png HTTP/1.1" 304 0 "http://www.uniqueguoqi.com/share/list" "Mozilla/5.0 (X11; Linux x86_64) AppleWebKit/537.36 (KHTML, like Gecko) Chrome/33.0.1750.152 Safari/537.36 AppEngine-Google; (+http://code.google.com/appengine; appid: s~guoqigoagent)"
8.35.200.39 - - [08/Apr/2014:07:07:27 -0400] "GET /static/img/comment.png HTTP/1.1" 304 0 "http://www.uniqueguoqi.com/share/list" "Mozilla/5.0 (X11; Linux x86_64) AppleWebKit/537.36 (KHTML, like Gecko) Chrome/33.0.1750.152 Safari/537.36 AppEngine-Google; (+http://code.google.com/appengine; appid: s~guoqigoagent)"
8.35.201.44 - - [08/Apr/2014:07:07:28 -0400] "POST /collection/list HTTP/1.1" 200 70 "http://www.uniqueguoqi.com/share/list" "Mozilla/5.0 (X11; Linux x86_64) AppleWebKit/537.36 (KHTML, like Gecko) Chrome/33.0.1750.152 Safari/537.36 AppEngine-Google; (+http://code.google.com/appengine; appid: s~guoqigoagent)"
8.35.200.35 - - [08/Apr/2014:07:07:28 -0400] "POST /share/list HTTP/1.1" 200 1396 "http://www.uniqueguoqi.com/share/list" "Mozilla/5.0 (X11; Linux x86_64) AppleWebKit/537.36 (KHTML, like Gecko) Chrome/33.0.1750.152 Safari/537.36 AppEngine-Google; (+http://code.google.com/appengine; appid: s~guoqigoagent)"
8.35.201.42 - - [08/Apr/2014:07:07:28 -0400] "POST /share/shuffle HTTP/1.1" 200 353 "http://www.uniqueguoqi.com/share/list" "Mozilla/5.0 (X11; Linux x86_64) AppleWebKit/537.36 (KHTML, like Gecko) Chrome/33.0.1750.152 Safari/537.36 AppEngine-Google; (+http://code.google.com/appengine; appid: s~guoqigoagent)"
8.35.201.34 - - [08/Apr/2014:07:08:25 -0400] "GET /static/img/bubble.png HTTP/1.1" 304 0 "http://www.uniqueguoqi.com/share/list" "Mozilla/5.0 (X11; Linux x86_64) AppleWebKit/537.36 (KHTML, like Gecko) Chrome/33.0.1750.152 Safari/537.36 AppEngine-Google; (+http://code.google.com/appengine; appid: s~guoqigoagent)"
8.35.201.43 - - [08/Apr/2014:07:08:25 -0400] "GET /static/css/index.css HTTP/1.1" 304 0 "http://www.uniqueguoqi.com/share/list" "Mozilla/5.0 (X11; Linux x86_64) AppleWebKit/537.36 (KHTML, like Gecko) Chrome/33.0.1750.152 Safari/537.36 AppEngine-Google; (+http://code.google.com/appengine; appid: s~guoqigoagent)"
8.35.201.41 - - [08/Apr/2014:07:08:26 -0400] "GET /static/img/bgImgWhite.jpg HTTP/1.1" 304 0 "http://www.uniqueguoqi.com/share/list" "Mozilla/5.0 (X11; Linux x86_64) AppleWebKit/537.36 (KHTML, like Gecko) Chrome/33.0.1750.152 Safari/537.36 AppEngine-Google; (+http://code.google.com/appengine; appid: s~guoqigoagent)"
8.35.200.44 - - [08/Apr/2014:07:08:26 -0400] "GET /static/js/index.js HTTP/1.1" 304 0 "http://www.uniqueguoqi.com/share/list" "Mozilla/5.0 (X11; Linux x86_64) AppleWebKit/537.36 (KHTML, like Gecko) Chrome/33.0.1750.152 Safari/537.36 AppEngine-Google; (+http://code.google.com/appengine; appid: s~guoqigoagent)"
8.35.201.45 - - [08/Apr/2014:07:08:27 -0400] "GET /static/img/next.png HTTP/1.1" 304 0 "http://www.uniqueguoqi.com/share/list" "Mozilla/5.0 (X11; Linux x86_64) AppleWebKit/537.36 (KHTML, like Gecko) Chrome/33.0.1750.152 Safari/537.36 AppEngine-Google; (+http://code.google.com/appengine; appid: s~guoqigoagent)"
8.35.201.44 - - [08/Apr/2014:07:08:27 -0400] "GET /static/img/home.png HTTP/1.1" 304 0 "http://www.uniqueguoqi.com/share/list" "Mozilla/5.0 (X11; Linux x86_64) AppleWebKit/537.36 (KHTML, like Gecko) Chrome/33.0.1750.152 Safari/537.36 AppEngine-Google; (+http://code.google.com/appengine; appid: s~guoqigoagent)"
8.35.200.46 - - [08/Apr/2014:07:08:27 -0400] "GET /static/img/newTarget.png HTTP/1.1" 304 0 "http://www.uniqueguoqi.com/share/list" "Mozilla/5.0 (X11; Linux x86_64) AppleWebKit/537.36 (KHTML, like Gecko) Chrome/33.0.1750.152 Safari/537.36 AppEngine-Google; (+http://code.google.com/appengine; appid: s~guoqigoagent)"
8.35.201.42 - - [08/Apr/2014:07:08:27 -0400] "GET /static/img/communicate.png HTTP/1.1" 304 0 "http://www.uniqueguoqi.com/share/list" "Mozilla/5.0 (X11; Linux x86_64) AppleWebKit/537.36 (KHTML, like Gecko) Chrome/33.0.1750.152 Safari/537.36 AppEngine-Google; (+http://code.google.com/appengine; appid: s~guoqigoagent)"
8.35.200.33 - - [08/Apr/2014:07:08:28 -0400] "GET /static/img/random.png HTTP/1.1" 304 0 "http://www.uniqueguoqi.com/share/list" "Mozilla/5.0 (X11; Linux x86_64) AppleWebKit/537.36 (KHTML, like Gecko) Chrome/33.0.1750.152 Safari/537.36 AppEngine-Google; (+http://code.google.com/appengine; appid: s~guoqigoagent)"
8.35.200.37 - - [08/Apr/2014:07:08:28 -0400] "GET /static/img/bgImgBlue.png HTTP/1.1" 304 0 "http://www.uniqueguoqi.com/share/list" "Mozilla/5.0 (X11; Linux x86_64) AppleWebKit/537.36 (KHTML, like Gecko) Chrome/33.0.1750.152 Safari/537.36 AppEngine-Google; (+http://code.google.com/appengine; appid: s~guoqigoagent)"
8.35.200.38 - - [08/Apr/2014:07:08:28 -0400] "GET /static/img/forward.png HTTP/1.1" 304 0 "http://www.uniqueguoqi.com/share/list" "Mozilla/5.0 (X11; Linux x86_64) AppleWebKit/537.36 (KHTML, like Gecko) Chrome/33.0.1750.152 Safari/537.36 AppEngine-Google; (+http://code.google.com/appengine; appid: s~guoqigoagent)"
8.35.200.42 - - [08/Apr/2014:07:08:28 -0400] "GET /static/img/toRight.png HTTP/1.1" 304 0 "http://www.uniqueguoqi.com/share/list" "Mozilla/5.0 (X11; Linux x86_64) AppleWebKit/537.36 (KHTML, like Gecko) Chrome/33.0.1750.152 Safari/537.36 AppEngine-Google; (+http://code.google.com/appengine; appid: s~guoqigoagent)"
8.35.200.40 - - [08/Apr/2014:07:08:28 -0400] "GET /static/img/toLeft.png HTTP/1.1" 304 0 "http://www.uniqueguoqi.com/share/list" "Mozilla/5.0 (X11; Linux x86_64) AppleWebKit/537.36 (KHTML, like Gecko) Chrome/33.0.1750.152 Safari/537.36 AppEngine-Google; (+http://code.google.com/appengine; appid: s~guoqigoagent)"
8.35.200.33 - - [08/Apr/2014:07:08:30 -0400] "GET /static/img/collect.png HTTP/1.1" 304 0 "http://www.uniqueguoqi.com/share/list" "Mozilla/5.0 (X11; Linux x86_64) AppleWebKit/537.36 (KHTML, like Gecko) Chrome/33.0.1750.152 Safari/537.36 AppEngine-Google; (+http://code.google.com/appengine; appid: s~guoqigoagent)"
8.35.200.36 - - [08/Apr/2014:07:08:34 -0400] "GET /static/img/comment.png HTTP/1.1" 304 0 "http://www.uniqueguoqi.com/share/list" "Mozilla/5.0 (X11; Linux x86_64) AppleWebKit/537.36 (KHTML, like Gecko) Chrome/33.0.1750.152 Safari/537.36 AppEngine-Google; (+http://code.google.com/appengine; appid: s~guoqigoagent)"
8.35.201.44 - - [08/Apr/2014:07:08:35 -0400] "POST /share/shuffle HTTP/1.1" 200 292 "http://www.uniqueguoqi.com/share/list" "Mozilla/5.0 (X11; Linux x86_64) AppleWebKit/537.36 (KHTML, like Gecko) Chrome/33.0.1750.152 Safari/537.36 AppEngine-Google; (+http://code.google.com/appengine; appid: s~guoqigoagent)"
8.35.201.36 - - [08/Apr/2014:07:08:35 -0400] "POST /collection/list HTTP/1.1" 200 70 "http://www.uniqueguoqi.com/share/list" "Mozilla/5.0 (X11; Linux x86_64) AppleWebKit/537.36 (KHTML, like Gecko) Chrome/33.0.1750.152 Safari/537.36 AppEngine-Google; (+http://code.google.com/appengine; appid: s~guoqigoagent)"
8.35.200.37 - - [08/Apr/2014:07:08:35 -0400] "POST /share/list HTTP/1.1" 200 1396 "http://www.uniqueguoqi.com/share/list" "Mozilla/5.0 (X11; Linux x86_64) AppleWebKit/537.36 (KHTML, like Gecko) Chrome/33.0.1750.152 Safari/537.36 AppEngine-Google; (+http://code.google.com/appengine; appid: s~guoqigoagent)"
8.35.200.40 - - [08/Apr/2014:07:10:00 -0400] "POST /share/list HTTP/1.1" 200 70 "http://www.uniqueguoqi.com/share/list" "Mozilla/5.0 (X11; Linux x86_64) AppleWebKit/537.36 (KHTML, like Gecko) Chrome/33.0.1750.152 Safari/537.36 AppEngine-Google; (+http://code.google.com/appengine; appid: s~guoqigoagent)"
8.35.200.33 - - [08/Apr/2014:07:43:41 -0400] "GET / HTTP/1.1" 302 229 "-" "Mozilla/5.0 (X11; Linux x86_64) AppleWebKit/537.36 (KHTML, like Gecko) Chrome/33.0.1750.152 Safari/537.36 AppEngine-Google; (+http://code.google.com/appengine; appid: s~guoqigoagent)"
8.35.201.42 - - [08/Apr/2014:07:43:41 -0400] "GET /share/list HTTP/1.1" 200 1379 "-" "Mozilla/5.0 (X11; Linux x86_64) AppleWebKit/537.36 (KHTML, like Gecko) Chrome/33.0.1750.152 Safari/537.36 AppEngine-Google; (+http://code.google.com/appengine; appid: s~guoqigoagent)"
8.35.200.38 - - [08/Apr/2014:07:43:42 -0400] "POST /share/list HTTP/1.1" 200 1396 "http://www.uniqueguoqi.com/share/list" "Mozilla/5.0 (X11; Linux x86_64) AppleWebKit/537.36 (KHTML, like Gecko) Chrome/33.0.1750.152 Safari/537.36 AppEngine-Google; (+http://code.google.com/appengine; appid: s~guoqigoagent)"
8.35.200.38 - - [08/Apr/2014:07:43:42 -0400] "POST /collection/list HTTP/1.1" 200 70 "http://www.uniqueguoqi.com/share/list" "Mozilla/5.0 (X11; Linux x86_64) AppleWebKit/537.36 (KHTML, like Gecko) Chrome/33.0.1750.152 Safari/537.36 AppEngine-Google; (+http://code.google.com/appengine; appid: s~guoqigoagent)"
8.35.200.42 - - [08/Apr/2014:07:43:45 -0400] "POST /share/shuffle HTTP/1.1" 200 313 "http://www.uniqueguoqi.com/share/list" "Mozilla/5.0 (X11; Linux x86_64) AppleWebKit/537.36 (KHTML, like Gecko) Chrome/33.0.1750.152 Safari/537.36 AppEngine-Google; (+http://code.google.com/appengine; appid: s~guoqigoagent)"
8.35.200.46 - - [08/Apr/2014:07:43:46 -0400] "POST /extension/login HTTP/1.1" 200 17 "-" "Mozilla/5.0 (X11; Linux x86_64) AppleWebKit/537.36 (KHTML, like Gecko) Chrome/33.0.1750.152 Safari/537.36 AppEngine-Google; (+http://code.google.com/appengine; appid: s~guoqigoagent)"
8.35.200.45 - - [08/Apr/2014:07:43:48 -0400] "POST /extension/add HTTP/1.1" 200 16 "-" "Mozilla/5.0 (X11; Linux x86_64) AppleWebKit/537.36 (KHTML, like Gecko) Chrome/33.0.1750.152 Safari/537.36 AppEngine-Google; (+http://code.google.com/appengine; appid: s~guoqigoagent)"
8.35.201.46 - - [08/Apr/2014:07:43:53 -0400] "GET /static/img/bubble.png HTTP/1.1" 304 0 "http://www.uniqueguoqi.com/share/list" "Mozilla/5.0 (X11; Linux x86_64) AppleWebKit/537.36 (KHTML, like Gecko) Chrome/33.0.1750.152 Safari/537.36 AppEngine-Google; (+http://code.google.com/appengine; appid: s~guoqigoagent)"
8.35.201.45 - - [08/Apr/2014:07:43:54 -0400] "GET /static/css/index.css HTTP/1.1" 304 0 "http://www.uniqueguoqi.com/share/list" "Mozilla/5.0 (X11; Linux x86_64) AppleWebKit/537.36 (KHTML, like Gecko) Chrome/33.0.1750.152 Safari/537.36 AppEngine-Google; (+http://code.google.com/appengine; appid: s~guoqigoagent)"
8.35.201.41 - - [08/Apr/2014:07:43:55 -0400] "GET /static/js/index.js HTTP/1.1" 304 0 "http://www.uniqueguoqi.com/share/list" "Mozilla/5.0 (X11; Linux x86_64) AppleWebKit/537.36 (KHTML, like Gecko) Chrome/33.0.1750.152 Safari/537.36 AppEngine-Google; (+http://code.google.com/appengine; appid: s~guoqigoagent)"
8.35.201.39 - - [08/Apr/2014:07:43:56 -0400] "POST /share/shuffle HTTP/1.1" 200 327 "http://www.uniqueguoqi.com/share/list" "Mozilla/5.0 (X11; Linux x86_64) AppleWebKit/537.36 (KHTML, like Gecko) Chrome/33.0.1750.152 Safari/537.36 AppEngine-Google; (+http://code.google.com/appengine; appid: s~guoqigoagent)"
8.35.200.32 - - [08/Apr/2014:07:43:57 -0400] "POST /collection/list HTTP/1.1" 200 70 "http://www.uniqueguoqi.com/share/list" "Mozilla/5.0 (X11; Linux x86_64) AppleWebKit/537.36 (KHTML, like Gecko) Chrome/33.0.1750.152 Safari/537.36 AppEngine-Google; (+http://code.google.com/appengine; appid: s~guoqigoagent)"
8.35.200.34 - - [08/Apr/2014:07:43:58 -0400] "POST /share/list HTTP/1.1" 200 1422 "http://www.uniqueguoqi.com/share/list" "Mozilla/5.0 (X11; Linux x86_64) AppleWebKit/537.36 (KHTML, like Gecko) Chrome/33.0.1750.152 Safari/537.36 AppEngine-Google; (+http://code.google.com/appengine; appid: s~guoqigoagent)"
8.35.200.37 - - [08/Apr/2014:07:45:33 -0400] "GET /share/list HTTP/1.1" 200 1379 "-" "Mozilla/5.0 (X11; Linux x86_64) AppleWebKit/537.36 (KHTML, like Gecko) Chrome/33.0.1750.152 Safari/537.36 AppEngine-Google; (+http://code.google.com/appengine; appid: s~guoqigoagent)"
8.35.200.45 - - [08/Apr/2014:07:45:33 -0400] "GET /static/css/index.css HTTP/1.1" 304 0 "http://www.uniqueguoqi.com/share/list" "Mozilla/5.0 (X11; Linux x86_64) AppleWebKit/537.36 (KHTML, like Gecko) Chrome/33.0.1750.152 Safari/537.36 AppEngine-Google; (+http://code.google.com/appengine; appid: s~guoqigoagent)"
8.35.200.44 - - [08/Apr/2014:07:45:34 -0400] "GET /static/js/index.js HTTP/1.1" 304 0 "http://www.uniqueguoqi.com/share/list" "Mozilla/5.0 (X11; Linux x86_64) AppleWebKit/537.36 (KHTML, like Gecko) Chrome/33.0.1750.152 Safari/537.36 AppEngine-Google; (+http://code.google.com/appengine; appid: s~guoqigoagent)"
8.35.200.35 - - [08/Apr/2014:07:45:34 -0400] "GET /static/img/bubble.png HTTP/1.1" 304 0 "http://www.uniqueguoqi.com/share/list" "Mozilla/5.0 (X11; Linux x86_64) AppleWebKit/537.36 (KHTML, like Gecko) Chrome/33.0.1750.152 Safari/537.36 AppEngine-Google; (+http://code.google.com/appengine; appid: s~guoqigoagent)"
8.35.200.35 - - [08/Apr/2014:07:45:37 -0400] "POST /share/list HTTP/1.1" 200 1422 "http://www.uniqueguoqi.com/share/list" "Mozilla/5.0 (X11; Linux x86_64) AppleWebKit/537.36 (KHTML, like Gecko) Chrome/33.0.1750.152 Safari/537.36 AppEngine-Google; (+http://code.google.com/appengine; appid: s~guoqigoagent)"
8.35.200.35 - - [08/Apr/2014:07:45:37 -0400] "POST /collection/list HTTP/1.1" 200 70 "http://www.uniqueguoqi.com/share/list" "Mozilla/5.0 (X11; Linux x86_64) AppleWebKit/537.36 (KHTML, like Gecko) Chrome/33.0.1750.152 Safari/537.36 AppEngine-Google; (+http://code.google.com/appengine; appid: s~guoqigoagent)"
8.35.200.37 - - [08/Apr/2014:07:45:38 -0400] "POST /share/shuffle HTTP/1.1" 200 294 "http://www.uniqueguoqi.com/share/list" "Mozilla/5.0 (X11; Linux x86_64) AppleWebKit/537.36 (KHTML, like Gecko) Chrome/33.0.1750.152 Safari/537.36 AppEngine-Google; (+http://code.google.com/appengine; appid: s~guoqigoagent)"
8.35.200.44 - - [08/Apr/2014:07:45:39 -0400] "GET /share/list HTTP/1.1" 200 1379 "http://www.uniqueguoqi.com/share/list" "Mozilla/5.0 (X11; Linux x86_64) AppleWebKit/537.36 (KHTML, like Gecko) Chrome/33.0.1750.152 Safari/537.36 AppEngine-Google; (+http://code.google.com/appengine; appid: s~guoqigoagent)"
8.35.200.33 - - [08/Apr/2014:07:45:40 -0400] "POST /collection/list HTTP/1.1" 200 112 "http://www.uniqueguoqi.com/share/list" "Mozilla/5.0 (X11; Linux x86_64) AppleWebKit/537.36 (KHTML, like Gecko) Chrome/33.0.1750.152 Safari/537.36 AppEngine-Google; (+http://code.google.com/appengine; appid: s~guoqigoagent)"
8.35.200.45 - - [08/Apr/2014:07:45:40 -0400] "POST /share/list HTTP/1.1" 200 112 "http://www.uniqueguoqi.com/share/list" "Mozilla/5.0 (X11; Linux x86_64) AppleWebKit/537.36 (KHTML, like Gecko) Chrome/33.0.1750.152 Safari/537.36 AppEngine-Google; (+http://code.google.com/appengine; appid: s~guoqigoagent)"
8.35.200.41 - - [08/Apr/2014:07:45:41 -0400] "POST /share/shuffle HTTP/1.1" 200 112 "http://www.uniqueguoqi.com/share/list" "Mozilla/5.0 (X11; Linux x86_64) AppleWebKit/537.36 (KHTML, like Gecko) Chrome/33.0.1750.152 Safari/537.36 AppEngine-Google; (+http://code.google.com/appengine; appid: s~guoqigoagent)"
8.35.201.38 - - [08/Apr/2014:07:50:51 -0400] "GET / HTTP/1.1" 302 229 "-" "Mozilla/5.0 (X11; Linux x86_64) AppleWebKit/537.36 (KHTML, like Gecko) Chrome/33.0.1750.152 Safari/537.36 AppEngine-Google; (+http://code.google.com/appengine; appid: s~guoqigoagent)"
8.35.201.45 - - [08/Apr/2014:07:50:51 -0400] "GET /share/list HTTP/1.1" 200 1379 "-" "Mozilla/5.0 (X11; Linux x86_64) AppleWebKit/537.36 (KHTML, like Gecko) Chrome/33.0.1750.152 Safari/537.36 AppEngine-Google; (+http://code.google.com/appengine; appid: s~guoqigoagent)"
8.35.201.40 - - [08/Apr/2014:07:50:52 -0400] "POST /share/list HTTP/1.1" 200 1396 "http://www.uniqueguoqi.com/share/list" "Mozilla/5.0 (X11; Linux x86_64) AppleWebKit/537.36 (KHTML, like Gecko) Chrome/33.0.1750.152 Safari/537.36 AppEngine-Google; (+http://code.google.com/appengine; appid: s~guoqigoagent)"
8.35.201.47 - - [08/Apr/2014:07:50:52 -0400] "POST /collection/list HTTP/1.1" 200 70 "http://www.uniqueguoqi.com/share/list" "Mozilla/5.0 (X11; Linux x86_64) AppleWebKit/537.36 (KHTML, like Gecko) Chrome/33.0.1750.152 Safari/537.36 AppEngine-Google; (+http://code.google.com/appengine; appid: s~guoqigoagent)"
8.35.201.45 - - [08/Apr/2014:07:50:52 -0400] "POST /share/shuffle HTTP/1.1" 200 401 "http://www.uniqueguoqi.com/share/list" "Mozilla/5.0 (X11; Linux x86_64) AppleWebKit/537.36 (KHTML, like Gecko) Chrome/33.0.1750.152 Safari/537.36 AppEngine-Google; (+http://code.google.com/appengine; appid: s~guoqigoagent)"
8.35.201.41 - - [08/Apr/2014:07:50:57 -0400] "POST /extension/login HTTP/1.1" 200 17 "-" "Mozilla/5.0 (X11; Linux x86_64) AppleWebKit/537.36 (KHTML, like Gecko) Chrome/33.0.1750.152 Safari/537.36 AppEngine-Google; (+http://code.google.com/appengine; appid: s~guoqigoagent)"
8.35.201.39 - - [08/Apr/2014:07:51:00 -0400] "POST /extension/add HTTP/1.1" 200 16 "-" "Mozilla/5.0 (X11; Linux x86_64) AppleWebKit/537.36 (KHTML, like Gecko) Chrome/33.0.1750.152 Safari/537.36 AppEngine-Google; (+http://code.google.com/appengine; appid: s~guoqigoagent)"
115.156.219.162 - - [08/Apr/2014:07:51:06 -0400] "GET /extension/download_ext HTTP/1.1" 200 111705 "-" "Mozilla/5.0 (X11; Linux x86_64) AppleWebKit/537.36 (KHTML, like Gecko) Chrome/33.0.1750.152 Safari/537.36"
115.156.219.162 - - [08/Apr/2014:07:51:41 -0400] "POST /extension/login HTTP/1.1" 502 574 "-" "Mozilla/5.0 (X11; Linux x86_64) AppleWebKit/537.36 (KHTML, like Gecko) Chrome/33.0.1750.152 Safari/537.36"
115.156.219.162 - - [08/Apr/2014:07:52:02 -0400] "POST /extension/login HTTP/1.1" 502 574 "-" "Mozilla/5.0 (X11; Linux x86_64) AppleWebKit/537.36 (KHTML, like Gecko) Chrome/33.0.1750.152 Safari/537.36"
115.156.219.162 - - [08/Apr/2014:07:52:04 -0400] "POST /extension/login HTTP/1.1" 502 574 "-" "Mozilla/5.0 (X11; Linux x86_64) AppleWebKit/537.36 (KHTML, like Gecko) Chrome/33.0.1750.152 Safari/537.36"
115.156.219.162 - - [08/Apr/2014:07:52:05 -0400] "POST /extension/add HTTP/1.1" 502 574 "-" "Mozilla/5.0 (X11; Linux x86_64) AppleWebKit/537.36 (KHTML, like Gecko) Chrome/33.0.1750.152 Safari/537.36"
8.35.200.43 - - [08/Apr/2014:07:53:44 -0400] "GET / HTTP/1.1" 302 229 "-" "Mozilla/5.0 (X11; Linux x86_64) AppleWebKit/537.36 (KHTML, like Gecko) Chrome/33.0.1750.152 Safari/537.36 AppEngine-Google; (+http://code.google.com/appengine; appid: s~guoqigoagent)"
8.35.200.43 - - [08/Apr/2014:07:53:46 -0400] "GET /share/list HTTP/1.1" 200 1379 "-" "Mozilla/5.0 (X11; Linux x86_64) AppleWebKit/537.36 (KHTML, like Gecko) Chrome/33.0.1750.152 Safari/537.36 AppEngine-Google; (+http://code.google.com/appengine; appid: s~guoqigoagent)"
8.35.201.37 - - [08/Apr/2014:07:53:47 -0400] "POST /collection/list HTTP/1.1" 200 70 "http://www.uniqueguoqi.com/share/list" "Mozilla/5.0 (X11; Linux x86_64) AppleWebKit/537.36 (KHTML, like Gecko) Chrome/33.0.1750.152 Safari/537.36 AppEngine-Google; (+http://code.google.com/appengine; appid: s~guoqigoagent)"
8.35.201.42 - - [08/Apr/2014:07:53:47 -0400] "POST /share/list HTTP/1.1" 200 1422 "http://www.uniqueguoqi.com/share/list" "Mozilla/5.0 (X11; Linux x86_64) AppleWebKit/537.36 (KHTML, like Gecko) Chrome/33.0.1750.152 Safari/537.36 AppEngine-Google; (+http://code.google.com/appengine; appid: s~guoqigoagent)"
8.35.201.42 - - [08/Apr/2014:07:53:48 -0400] "POST /share/shuffle HTTP/1.1" 200 327 "http://www.uniqueguoqi.com/share/list" "Mozilla/5.0 (X11; Linux x86_64) AppleWebKit/537.36 (KHTML, like Gecko) Chrome/33.0.1750.152 Safari/537.36 AppEngine-Google; (+http://code.google.com/appengine; appid: s~guoqigoagent)"
8.35.200.41 - - [08/Apr/2014:07:53:55 -0400] "POST /extension/login HTTP/1.1" 200 17 "-" "Mozilla/5.0 (X11; Linux x86_64) AppleWebKit/537.36 (KHTML, like Gecko) Chrome/33.0.1750.152 Safari/537.36 AppEngine-Google; (+http://code.google.com/appengine; appid: s~guoqigoagent)"
8.35.200.39 - - [08/Apr/2014:07:53:56 -0400] "POST /extension/add HTTP/1.1" 200 107 "-" "Mozilla/5.0 (X11; Linux x86_64) AppleWebKit/537.36 (KHTML, like Gecko) Chrome/33.0.1750.152 Safari/537.36 AppEngine-Google; (+http://code.google.com/appengine; appid: s~guoqigoagent)"
8.35.201.38 - - [08/Apr/2014:07:56:24 -0400] "GET / HTTP/1.1" 502 574 "-" "Mozilla/5.0 (X11; Linux x86_64) AppleWebKit/537.36 (KHTML, like Gecko) Chrome/33.0.1750.152 Safari/537.36 AppEngine-Google; (+http://code.google.com/appengine; appid: s~guoqigoagent)"
8.35.201.41 - - [08/Apr/2014:07:56:31 -0400] "GET / HTTP/1.1" 302 229 "-" "Mozilla/5.0 (X11; Linux x86_64) AppleWebKit/537.36 (KHTML, like Gecko) Chrome/33.0.1750.152 Safari/537.36 AppEngine-Google; (+http://code.google.com/appengine; appid: s~guoqigoagent)"
8.35.200.44 - - [08/Apr/2014:07:56:32 -0400] "GET /share/list HTTP/1.1" 200 1379 "-" "Mozilla/5.0 (X11; Linux x86_64) AppleWebKit/537.36 (KHTML, like Gecko) Chrome/33.0.1750.152 Safari/537.36 AppEngine-Google; (+http://code.google.com/appengine; appid: s~guoqigoagent)"
8.35.200.34 - - [08/Apr/2014:07:56:33 -0400] "POST /collection/list HTTP/1.1" 200 70 "http://www.uniqueguoqi.com/share/list" "Mozilla/5.0 (X11; Linux x86_64) AppleWebKit/537.36 (KHTML, like Gecko) Chrome/33.0.1750.152 Safari/537.36 AppEngine-Google; (+http://code.google.com/appengine; appid: s~guoqigoagent)"
8.35.200.45 - - [08/Apr/2014:07:56:36 -0400] "POST /extension/login HTTP/1.1" 200 17 "-" "Mozilla/5.0 (X11; Linux x86_64) AppleWebKit/537.36 (KHTML, like Gecko) Chrome/33.0.1750.152 Safari/537.36 AppEngine-Google; (+http://code.google.com/appengine; appid: s~guoqigoagent)"
8.35.201.46 - - [08/Apr/2014:07:56:36 -0400] "POST /share/list HTTP/1.1" 200 1396 "http://www.uniqueguoqi.com/share/list" "Mozilla/5.0 (X11; Linux x86_64) AppleWebKit/537.36 (KHTML, like Gecko) Chrome/33.0.1750.152 Safari/537.36 AppEngine-Google; (+http://code.google.com/appengine; appid: s~guoqigoagent)"
8.35.201.46 - - [08/Apr/2014:07:56:39 -0400] "POST /extension/add HTTP/1.1" 200 16 "-" "Mozilla/5.0 (X11; Linux x86_64) AppleWebKit/537.36 (KHTML, like Gecko) Chrome/33.0.1750.152 Safari/537.36 AppEngine-Google; (+http://code.google.com/appengine; appid: s~guoqigoagent)"
8.35.201.40 - - [08/Apr/2014:07:56:40 -0400] "POST /share/shuffle HTTP/1.1" 200 316 "http://www.uniqueguoqi.com/share/list" "Mozilla/5.0 (X11; Linux x86_64) AppleWebKit/537.36 (KHTML, like Gecko) Chrome/33.0.1750.152 Safari/537.36 AppEngine-Google; (+http://code.google.com/appengine; appid: s~guoqigoagent)"
8.35.201.33 - - [08/Apr/2014:07:58:05 -0400] "GET / HTTP/1.1" 302 229 "-" "Mozilla/5.0 (X11; Linux x86_64) AppleWebKit/537.36 (KHTML, like Gecko) Chrome/33.0.1750.152 Safari/537.36 AppEngine-Google; (+http://code.google.com/appengine; appid: s~guoqigoagent)"
8.35.201.33 - - [08/Apr/2014:07:58:06 -0400] "GET /share/list HTTP/1.1" 200 1379 "-" "Mozilla/5.0 (X11; Linux x86_64) AppleWebKit/537.36 (KHTML, like Gecko) Chrome/33.0.1750.152 Safari/537.36 AppEngine-Google; (+http://code.google.com/appengine; appid: s~guoqigoagent)"
8.35.201.43 - - [08/Apr/2014:07:58:07 -0400] "POST /share/list HTTP/1.1" 200 1396 "http://www.uniqueguoqi.com/share/list" "Mozilla/5.0 (X11; Linux x86_64) AppleWebKit/537.36 (KHTML, like Gecko) Chrome/33.0.1750.152 Safari/537.36 AppEngine-Google; (+http://code.google.com/appengine; appid: s~guoqigoagent)"
8.35.201.35 - - [08/Apr/2014:07:58:08 -0400] "POST /share/shuffle HTTP/1.1" 200 313 "http://www.uniqueguoqi.com/share/list" "Mozilla/5.0 (X11; Linux x86_64) AppleWebKit/537.36 (KHTML, like Gecko) Chrome/33.0.1750.152 Safari/537.36 AppEngine-Google; (+http://code.google.com/appengine; appid: s~guoqigoagent)"
8.35.201.38 - - [08/Apr/2014:07:58:10 -0400] "POST /extension/login HTTP/1.1" 200 17 "-" "Mozilla/5.0 (X11; Linux x86_64) AppleWebKit/537.36 (KHTML, like Gecko) Chrome/33.0.1750.152 Safari/537.36 AppEngine-Google; (+http://code.google.com/appengine; appid: s~guoqigoagent)"
8.35.201.41 - - [08/Apr/2014:07:58:11 -0400] "POST /collection/list HTTP/1.1" 200 70 "http://www.uniqueguoqi.com/share/list" "Mozilla/5.0 (X11; Linux x86_64) AppleWebKit/537.36 (KHTML, like Gecko) Chrome/33.0.1750.152 Safari/537.36 AppEngine-Google; (+http://code.google.com/appengine; appid: s~guoqigoagent)"
8.35.201.41 - - [08/Apr/2014:07:58:11 -0400] "POST /extension/add HTTP/1.1" 200 101 "-" "Mozilla/5.0 (X11; Linux x86_64) AppleWebKit/537.36 (KHTML, like Gecko) Chrome/33.0.1750.152 Safari/537.36 AppEngine-Google; (+http://code.google.com/appengine; appid: s~guoqigoagent)"
115.156.219.162 - - [08/Apr/2014:07:58:26 -0400] "GET / HTTP/1.1" 302 229 "-" "Mozilla/5.0 (X11; Linux x86_64) AppleWebKit/537.36 (KHTML, like Gecko) Chrome/33.0.1750.152 Safari/537.36"
115.156.219.162 - - [08/Apr/2014:07:58:26 -0400] "GET /share/list HTTP/1.1" 200 1368 "-" "Mozilla/5.0 (X11; Linux x86_64) AppleWebKit/537.36 (KHTML, like Gecko) Chrome/33.0.1750.152 Safari/537.36"
115.156.219.162 - - [08/Apr/2014:07:58:27 -0400] "POST /share/list HTTP/1.1" 200 1396 "http://www.uniqueguoqi.com/share/list" "Mozilla/5.0 (X11; Linux x86_64) AppleWebKit/537.36 (KHTML, like Gecko) Chrome/33.0.1750.152 Safari/537.36"
115.156.219.162 - - [08/Apr/2014:07:58:27 -0400] "POST /collection/list HTTP/1.1" 200 70 "http://www.uniqueguoqi.com/share/list" "Mozilla/5.0 (X11; Linux x86_64) AppleWebKit/537.36 (KHTML, like Gecko) Chrome/33.0.1750.152 Safari/537.36"
115.156.219.162 - - [08/Apr/2014:07:58:27 -0400] "POST /share/shuffle HTTP/1.1" 200 401 "http://www.uniqueguoqi.com/share/list" "Mozilla/5.0 (X11; Linux x86_64) AppleWebKit/537.36 (KHTML, like Gecko) Chrome/33.0.1750.152 Safari/537.36"
115.156.219.162 - - [08/Apr/2014:07:58:30 -0400] "POST /extension/login HTTP/1.1" 200 63 "-" "Mozilla/5.0 (X11; Linux x86_64) AppleWebKit/537.36 (KHTML, like Gecko) Chrome/33.0.1750.152 Safari/537.36"
115.156.219.162 - - [08/Apr/2014:07:58:31 -0400] "POST /extension/add HTTP/1.1" 200 101 "-" "Mozilla/5.0 (X11; Linux x86_64) AppleWebKit/537.36 (KHTML, like Gecko) Chrome/33.0.1750.152 Safari/537.36"
115.156.219.162 - - [08/Apr/2014:07:58:43 -0400] "POST /extension/login HTTP/1.1" 200 63 "-" "Mozilla/5.0 (X11; Linux x86_64) AppleWebKit/537.36 (KHTML, like Gecko) Chrome/33.0.1750.152 Safari/537.36"
115.156.219.162 - - [08/Apr/2014:07:58:44 -0400] "POST /extension/add HTTP/1.1" 200 101 "-" "Mozilla/5.0 (X11; Linux x86_64) AppleWebKit/537.36 (KHTML, like Gecko) Chrome/33.0.1750.152 Safari/537.36"
8.35.201.35 - - [08/Apr/2014:07:58:50 -0400] "GET /share/list HTTP/1.1" 200 1379 "-" "Mozilla/5.0 (X11; Linux x86_64) AppleWebKit/537.36 (KHTML, like Gecko) Chrome/33.0.1750.152 Safari/537.36 AppEngine-Google; (+http://code.google.com/appengine; appid: s~guoqigoagent)"
8.35.200.32 - - [08/Apr/2014:07:58:54 -0400] "GET /static/css/index.css HTTP/1.1" 304 0 "http://www.uniqueguoqi.com/share/list" "Mozilla/5.0 (X11; Linux x86_64) AppleWebKit/537.36 (KHTML, like Gecko) Chrome/33.0.1750.152 Safari/537.36 AppEngine-Google; (+http://code.google.com/appengine; appid: s~guoqigoagent)"
8.35.200.42 - - [08/Apr/2014:07:58:59 -0400] "GET /static/js/index.js HTTP/1.1" 304 0 "http://www.uniqueguoqi.com/share/list" "Mozilla/5.0 (X11; Linux x86_64) AppleWebKit/537.36 (KHTML, like Gecko) Chrome/33.0.1750.152 Safari/537.36 AppEngine-Google; (+http://code.google.com/appengine; appid: s~guoqigoagent)"
8.35.200.46 - - [08/Apr/2014:07:59:00 -0400] "GET /static/img/bubble.png HTTP/1.1" 304 0 "http://www.uniqueguoqi.com/share/list" "Mozilla/5.0 (X11; Linux x86_64) AppleWebKit/537.36 (KHTML, like Gecko) Chrome/33.0.1750.152 Safari/537.36 AppEngine-Google; (+http://code.google.com/appengine; appid: s~guoqigoagent)"
8.35.201.46 - - [08/Apr/2014:07:59:02 -0400] "POST /collection/list HTTP/1.1" 200 70 "http://www.uniqueguoqi.com/share/list" "Mozilla/5.0 (X11; Linux x86_64) AppleWebKit/537.36 (KHTML, like Gecko) Chrome/33.0.1750.152 Safari/537.36 AppEngine-Google; (+http://code.google.com/appengine; appid: s~guoqigoagent)"
8.35.200.43 - - [08/Apr/2014:07:59:02 -0400] "POST /share/list HTTP/1.1" 200 1396 "http://www.uniqueguoqi.com/share/list" "Mozilla/5.0 (X11; Linux x86_64) AppleWebKit/537.36 (KHTML, like Gecko) Chrome/33.0.1750.152 Safari/537.36 AppEngine-Google; (+http://code.google.com/appengine; appid: s~guoqigoagent)"
115.156.219.162 - - [08/Apr/2014:08:00:13 -0400] "GET / HTTP/1.1" 499 0 "-" "Mozilla/5.0 (Windows NT 6.2; WOW64) AppleWebKit/537.36 (KHTML, like Gecko) Chrome/33.0.1750.154 Safari/537.36"
8.35.200.36 - - [08/Apr/2014:08:00:29 -0400] "POST /share/shuffle HTTP/1.1" 499 0 "http://www.uniqueguoqi.com/share/list" "Mozilla/5.0 (X11; Linux x86_64) AppleWebKit/537.36 (KHTML, like Gecko) Chrome/33.0.1750.152 Safari/537.36 AppEngine-Google; (+http://code.google.com/appengine; appid: s~guoqigoagent)"
115.156.219.162 - - [08/Apr/2014:08:01:00 -0400] "GET / HTTP/1.1" 499 0 "-" "Mozilla/5.0 (Windows NT 6.2; WOW64) AppleWebKit/537.36 (KHTML, like Gecko) Chrome/33.0.1750.154 Safari/537.36"
8.35.201.33 - - [08/Apr/2014:08:01:07 -0400] "POST /share/shuffle HTTP/1.1" 499 0 "http://www.uniqueguoqi.com/share/list" "Mozilla/5.0 (X11; Linux x86_64) AppleWebKit/537.36 (KHTML, like Gecko) Chrome/33.0.1750.152 Safari/537.36 AppEngine-Google; (+http://code.google.com/appengine; appid: s~guoqigoagent)"
8.35.201.45 - - [08/Apr/2014:08:01:23 -0400] "GET / HTTP/1.1" 499 0 "-" "Mozilla/5.0 (X11; Linux x86_64) AppleWebKit/537.36 (KHTML, like Gecko) Chrome/33.0.1750.152 Safari/537.36 AppEngine-Google; (+http://code.google.com/appengine; appid: s~guoqigoagent)"
8.35.200.41 - - [08/Apr/2014:08:01:38 -0400] "GET / HTTP/1.1" 499 0 "-" "Mozilla/5.0 (X11; Linux x86_64) AppleWebKit/537.36 (KHTML, like Gecko) Chrome/33.0.1750.152 Safari/537.36 AppEngine-Google; (+http://code.google.com/appengine; appid: s~guoqigoagent)"
8.35.200.47 - - [08/Apr/2014:08:01:39 -0400] "POST /share/shuffle HTTP/1.1" 499 0 "http://www.uniqueguoqi.com/share/list" "Mozilla/5.0 (X11; Linux x86_64) AppleWebKit/537.36 (KHTML, like Gecko) Chrome/33.0.1750.152 Safari/537.36 AppEngine-Google; (+http://code.google.com/appengine; appid: s~guoqigoagent)"
8.35.201.35 - - [08/Apr/2014:08:01:47 -0400] "GET / HTTP/1.1" 499 0 "-" "Mozilla/5.0 (X11; Linux x86_64) AppleWebKit/537.36 (KHTML, like Gecko) Chrome/33.0.1750.152 Safari/537.36 AppEngine-Google; (+http://code.google.com/appengine; appid: s~guoqigoagent)"
8.35.201.44 - - [08/Apr/2014:08:01:48 -0400] "POST /share/shuffle HTTP/1.1" 499 0 "http://www.uniqueguoqi.com/share/list" "Mozilla/5.0 (X11; Linux x86_64) AppleWebKit/537.36 (KHTML, like Gecko) Chrome/33.0.1750.152 Safari/537.36 AppEngine-Google; (+http://code.google.com/appengine; appid: s~guoqigoagent)"
8.35.201.43 - - [08/Apr/2014:08:01:50 -0400] "GET / HTTP/1.1" 499 0 "-" "Mozilla/5.0 (X11; Linux x86_64) AppleWebKit/537.36 (KHTML, like Gecko) Chrome/33.0.1750.152 Safari/537.36 AppEngine-Google; (+http://code.google.com/appengine; appid: s~guoqigoagent)"
8.35.200.42 - - [08/Apr/2014:08:01:54 -0400] "GET / HTTP/1.1" 499 0 "-" "Mozilla/5.0 (X11; Linux x86_64) AppleWebKit/537.36 (KHTML, like Gecko) Chrome/33.0.1750.152 Safari/537.36 AppEngine-Google; (+http://code.google.com/appengine; appid: s~guoqigoagent)"
8.35.200.36 - - [08/Apr/2014:08:01:55 -0400] "POST /share/shuffle HTTP/1.1" 499 0 "http://www.uniqueguoqi.com/share/list" "Mozilla/5.0 (X11; Linux x86_64) AppleWebKit/537.36 (KHTML, like Gecko) Chrome/33.0.1750.152 Safari/537.36 AppEngine-Google; (+http://code.google.com/appengine; appid: s~guoqigoagent)"
8.35.201.46 - - [08/Apr/2014:08:01:58 -0400] "GET / HTTP/1.1" 499 0 "-" "Mozilla/5.0 (X11; Linux x86_64) AppleWebKit/537.36 (KHTML, like Gecko) Chrome/33.0.1750.152 Safari/537.36 AppEngine-Google; (+http://code.google.com/appengine; appid: s~guoqigoagent)"
115.156.219.162 - - [08/Apr/2014:08:02:00 -0400] "GET / HTTP/1.1" 504 584 "-" "Mozilla/5.0 (Windows NT 6.2; WOW64) AppleWebKit/537.36 (KHTML, like Gecko) Chrome/33.0.1750.154 Safari/537.36"
8.35.201.46 - - [08/Apr/2014:08:02:02 -0400] "GET / HTTP/1.1" 499 0 "-" "Mozilla/5.0 (X11; Linux x86_64) AppleWebKit/537.36 (KHTML, like Gecko) Chrome/33.0.1750.152 Safari/537.36 AppEngine-Google; (+http://code.google.com/appengine; appid: s~guoqigoagent)"
8.35.201.36 - - [08/Apr/2014:08:02:04 -0400] "POST /share/shuffle HTTP/1.1" 499 0 "http://www.uniqueguoqi.com/share/list" "Mozilla/5.0 (X11; Linux x86_64) AppleWebKit/537.36 (KHTML, like Gecko) Chrome/33.0.1750.152 Safari/537.36 AppEngine-Google; (+http://code.google.com/appengine; appid: s~guoqigoagent)"
8.35.201.36 - - [08/Apr/2014:08:02:06 -0400] "GET / HTTP/1.1" 499 0 "-" "Mozilla/5.0 (X11; Linux x86_64) AppleWebKit/537.36 (KHTML, like Gecko) Chrome/33.0.1750.152 Safari/537.36 AppEngine-Google; (+http://code.google.com/appengine; appid: s~guoqigoagent)"
8.35.200.38 - - [08/Apr/2014:08:02:10 -0400] "GET / HTTP/1.1" 499 0 "-" "Mozilla/5.0 (X11; Linux x86_64) AppleWebKit/537.36 (KHTML, like Gecko) Chrome/33.0.1750.152 Safari/537.36 AppEngine-Google; (+http://code.google.com/appengine; appid: s~guoqigoagent)"
8.35.200.40 - - [08/Apr/2014:08:02:12 -0400] "POST /share/shuffle HTTP/1.1" 499 0 "http://www.uniqueguoqi.com/share/list" "Mozilla/5.0 (X11; Linux x86_64) AppleWebKit/537.36 (KHTML, like Gecko) Chrome/33.0.1750.152 Safari/537.36 AppEngine-Google; (+http://code.google.com/appengine; appid: s~guoqigoagent)"
8.35.200.37 - - [08/Apr/2014:08:02:14 -0400] "GET / HTTP/1.1" 499 0 "-" "Mozilla/5.0 (X11; Linux x86_64) AppleWebKit/537.36 (KHTML, like Gecko) Chrome/33.0.1750.152 Safari/537.36 AppEngine-Google; (+http://code.google.com/appengine; appid: s~guoqigoagent)"
8.35.201.44 - - [08/Apr/2014:08:02:18 -0400] "GET / HTTP/1.1" 499 0 "-" "Mozilla/5.0 (X11; Linux x86_64) AppleWebKit/537.36 (KHTML, like Gecko) Chrome/33.0.1750.152 Safari/537.36 AppEngine-Google; (+http://code.google.com/appengine; appid: s~guoqigoagent)"
8.35.200.40 - - [08/Apr/2014:08:02:22 -0400] "POST /share/shuffle HTTP/1.1" 499 0 "http://www.uniqueguoqi.com/share/list" "Mozilla/5.0 (X11; Linux x86_64) AppleWebKit/537.36 (KHTML, like Gecko) Chrome/33.0.1750.152 Safari/537.36 AppEngine-Google; (+http://code.google.com/appengine; appid: s~guoqigoagent)"
8.35.201.42 - - [08/Apr/2014:08:02:26 -0400] "GET / HTTP/1.1" 499 0 "-" "Mozilla/5.0 (X11; Linux x86_64) AppleWebKit/537.36 (KHTML, like Gecko) Chrome/33.0.1750.152 Safari/537.36 AppEngine-Google; (+http://code.google.com/appengine; appid: s~guoqigoagent)"
211.69.194.102 - - [08/Apr/2014:08:02:30 -0400] "GET / HTTP/1.1" 499 0 "-" "Mozilla/5.0 (X11; Linux x86_64) AppleWebKit/537.36 (KHTML, like Gecko) Chrome/33.0.1750.152 Safari/537.36"
211.69.194.102 - - [08/Apr/2014:08:02:35 -0400] "GET / HTTP/1.1" 499 0 "-" "Mozilla/5.0 (X11; Linux x86_64) AppleWebKit/537.36 (KHTML, like Gecko) Chrome/33.0.1750.152 Safari/537.36"
8.35.200.35 - - [08/Apr/2014:08:02:36 -0400] "GET / HTTP/1.1" 499 0 "-" "Mozilla/5.0 (X11; Linux x86_64) AppleWebKit/537.36 (KHTML, like Gecko) Chrome/33.0.1750.152 Safari/537.36 AppEngine-Google; (+http://code.google.com/appengine; appid: s~guoqigoagent)"
